Component: ARM Compiler 5.05 update 2 (build 169) Tool: armlink [4d0f33]

==============================================================================

Section Cross References

    main.o(i.advertising_init) refers to memseta.o(.text) for __aeabi_memclr4
    main.o(i.advertising_init) refers to ble_advertising.o(i.ble_advertising_init) for ble_advertising_init
    main.o(i.advertising_init) refers to app_error.o(i.app_error_handler_bare) for app_error_handler_bare
    main.o(i.advertising_init) refers to main.o(.data) for m_adv_uuids
    main.o(i.advertising_init) refers to main.o(i.on_adv_evt) for on_adv_evt
    main.o(i.assert_nrf_callback) refers to app_error.o(i.app_error_handler) for app_error_handler
    main.o(i.ble_evt_dispatch) refers to ble_conn_params.o(i.ble_conn_params_on_ble_evt) for ble_conn_params_on_ble_evt
    main.o(i.ble_evt_dispatch) refers to ble_nus.o(i.ble_nus_on_ble_evt) for ble_nus_on_ble_evt
    main.o(i.ble_evt_dispatch) refers to main.o(i.on_ble_evt) for on_ble_evt
    main.o(i.ble_evt_dispatch) refers to ble_advertising.o(i.ble_advertising_on_ble_evt) for ble_advertising_on_ble_evt
    main.o(i.ble_evt_dispatch) refers to bsp_btn_ble.o(i.bsp_btn_ble_on_ble_evt) for bsp_btn_ble_on_ble_evt
    main.o(i.ble_evt_dispatch) refers to main.o(.bss) for m_nus
    main.o(i.ble_stack_init) refers to softdevice_handler.o(i.softdevice_handler_init) for softdevice_handler_init
    main.o(i.ble_stack_init) refers to app_error.o(i.app_error_handler_bare) for app_error_handler_bare
    main.o(i.ble_stack_init) refers to softdevice_handler.o(i.softdevice_enable_get_default_config) for softdevice_enable_get_default_config
    main.o(i.ble_stack_init) refers to softdevice_handler.o(i.sd_check_ram_start) for sd_check_ram_start
    main.o(i.ble_stack_init) refers to softdevice_handler.o(i.softdevice_enable) for softdevice_enable
    main.o(i.ble_stack_init) refers to softdevice_handler.o(i.softdevice_ble_evt_handler_set) for softdevice_ble_evt_handler_set
    main.o(i.ble_stack_init) refers to main.o(.constdata) for .constdata
    main.o(i.ble_stack_init) refers to main.o(.bss) for BLE_EVT_BUFFER
    main.o(i.ble_stack_init) refers to main.o(i.ble_evt_dispatch) for ble_evt_dispatch
    main.o(i.bsp_event_handler) refers to main.o(i.sleep_mode_enter) for sleep_mode_enter
    main.o(i.bsp_event_handler) refers to app_error.o(i.app_error_handler_bare) for app_error_handler_bare
    main.o(i.bsp_event_handler) refers to ble_advertising.o(i.ble_advertising_restart_without_whitelist) for ble_advertising_restart_without_whitelist
    main.o(i.bsp_event_handler) refers to main.o(.data) for m_conn_handle
    main.o(i.conn_params_error_handler) refers to app_error.o(i.app_error_handler_bare) for app_error_handler_bare
    main.o(i.conn_params_init) refers to memseta.o(.text) for __aeabi_memclr4
    main.o(i.conn_params_init) refers to ble_conn_params.o(i.ble_conn_params_init) for ble_conn_params_init
    main.o(i.conn_params_init) refers to app_error.o(i.app_error_handler_bare) for app_error_handler_bare
    main.o(i.conn_params_init) refers to main.o(i.on_conn_params_evt) for on_conn_params_evt
    main.o(i.conn_params_init) refers to main.o(i.conn_params_error_handler) for conn_params_error_handler
    main.o(i.drv_speaker_evt_handler) refers to app_error.o(i.app_error_handler_bare) for app_error_handler_bare
    main.o(i.gap_params_init) refers to app_error.o(i.app_error_handler_bare) for app_error_handler_bare
    main.o(i.main) refers to app_timer.o(i.app_timer_init) for app_timer_init
    main.o(i.main) refers to app_error.o(i.app_error_handler_bare) for app_error_handler_bare
    main.o(i.main) refers to main.o(i.uart_init) for uart_init
    main.o(i.main) refers to main.o(i.ble_stack_init) for ble_stack_init
    main.o(i.main) refers to main.o(i.gap_params_init) for gap_params_init
    main.o(i.main) refers to main.o(i.services_init) for services_init
    main.o(i.main) refers to main.o(i.advertising_init) for advertising_init
    main.o(i.main) refers to main.o(i.conn_params_init) for conn_params_init
    main.o(i.main) refers to drv_speaker.o(i.drv_speaker_init) for drv_speaker_init
    main.o(i.main) refers to printfa.o(i.__0printf) for __2printf
    main.o(i.main) refers to ble_advertising.o(i.ble_advertising_start) for ble_advertising_start
    main.o(i.main) refers to i2s_ws2812b_drive.o(i.i2s_ws2812b_drive_xfer) for i2s_ws2812b_drive_xfer
    main.o(i.main) refers to drv_speaker.o(i.drv_speaker_tone_start) for drv_speaker_tone_start
    main.o(i.main) refers to nrf_delay.o(i.nrf_delay_ms) for nrf_delay_ms
    main.o(i.main) refers to main.o(i.drv_speaker_evt_handler) for drv_speaker_evt_handler
    main.o(i.main) refers to main.o(.bss) for APP_TIMER_BUF
    main.o(i.main) refers to main.o(.constdata) for starwars
    main.o(i.nus_data_handler) refers to i2s_ws2812b_drive.o(i.i2s_ws2812b_drive_xfer) for i2s_ws2812b_drive_xfer
[...]
    nrf_pwm_event_clear                      0x00020ecf   Thumb Code     6  nrf_drv_pwm.o(i.nrf_pwm_event_clear)
    i.nrf_pwm_int_enable_check               0x00020ed4   Section        0  nrf_drv_pwm.o(i.nrf_pwm_int_enable_check)
    nrf_pwm_int_enable_check                 0x00020ed5   Thumb Code    18  nrf_drv_pwm.o(i.nrf_pwm_int_enable_check)
    i.nrf_pwm_int_set                        0x00020ee6   Section        0  nrf_drv_pwm.o(i.nrf_pwm_int_set)
    nrf_pwm_int_set                          0x00020ee7   Thumb Code     6  nrf_drv_pwm.o(i.nrf_pwm_int_set)
    i.nrf_pwm_loop_set                       0x00020eec   Section        0  nrf_drv_pwm.o(i.nrf_pwm_loop_set)
    nrf_pwm_loop_set                         0x00020eed   Thumb Code     6  nrf_drv_pwm.o(i.nrf_pwm_loop_set)
    i.nrf_pwm_sequence_set                   0x00020ef2   Section        0  nrf_drv_pwm.o(i.nrf_pwm_sequence_set)
    nrf_pwm_sequence_set                     0x00020ef3   Thumb Code    60  nrf_drv_pwm.o(i.nrf_pwm_sequence_set)
    i.nrf_pwm_shorts_set                     0x00020f2e   Section        0  nrf_drv_pwm.o(i.nrf_pwm_shorts_set)
    nrf_pwm_shorts_set                       0x00020f2f   Thumb Code     6  nrf_drv_pwm.o(i.nrf_pwm_shorts_set)
    i.nrf_pwm_task_trigger                   0x00020f34   Section        0  nrf_drv_pwm.o(i.nrf_pwm_task_trigger)
    nrf_pwm_task_trigger                     0x00020f35   Thumb Code     6  nrf_drv_pwm.o(i.nrf_pwm_task_trigger)
    i.nrf_timer_compare_event_get            0x00020f3a   Section        0  nrf_drv_timer.o(i.nrf_timer_compare_event_get)
    nrf_timer_compare_event_get              0x00020f3b   Thumb Code    14  nrf_drv_timer.o(i.nrf_timer_compare_event_get)
    i.nrf_timer_compare_int_get              0x00020f48   Section        0  nrf_drv_timer.o(i.nrf_timer_compare_int_get)
    nrf_timer_compare_int_get                0x00020f49   Thumb Code    10  nrf_drv_timer.o(i.nrf_timer_compare_int_get)
    i.nrf_timer_event_clear                  0x00020f52   Section        0  nrf_drv_timer.o(i.nrf_timer_event_clear)
    nrf_timer_event_clear                    0x00020f53   Thumb Code     6  nrf_drv_timer.o(i.nrf_timer_event_clear)
    i.nrf_uart_errorsrc_get_and_clear        0x00020f58   Section        0  nrf_drv_uart.o(i.nrf_uart_errorsrc_get_and_clear)
    nrf_uart_errorsrc_get_and_clear          0x00020f59   Thumb Code    12  nrf_drv_uart.o(i.nrf_uart_errorsrc_get_and_clear)
    i.nrf_uart_event_check                   0x00020f64   Section        0  nrf_drv_uart.o(i.nrf_uart_event_check)
    nrf_uart_event_check                     0x00020f65   Thumb Code    14  nrf_drv_uart.o(i.nrf_uart_event_check)
    i.nrf_uart_event_clear                   0x00020f72   Section        0  nrf_drv_uart.o(i.nrf_uart_event_clear)
    nrf_uart_event_clear                     0x00020f73   Thumb Code     6  nrf_drv_uart.o(i.nrf_uart_event_clear)
    i.nrf_uart_hwfc_pins_set                 0x00020f78   Section        0  nrf_drv_uart.o(i.nrf_uart_hwfc_pins_set)
    nrf_uart_hwfc_pins_set                   0x00020f79   Thumb Code    10  nrf_drv_uart.o(i.nrf_uart_hwfc_pins_set)
    i.nrf_uart_int_disable                   0x00020f82   Section        0  nrf_drv_uart.o(i.nrf_uart_int_disable)
    nrf_uart_int_disable                     0x00020f83   Thumb Code     6  nrf_drv_uart.o(i.nrf_uart_int_disable)
    i.nrf_uart_int_enable                    0x00020f88   Section        0  nrf_drv_uart.o(i.nrf_uart_int_enable)
    nrf_uart_int_enable                      0x00020f89   Thumb Code     6  nrf_drv_uart.o(i.nrf_uart_int_enable)
    i.nrf_uart_int_enable_check              0x00020f8e   Section        0  nrf_drv_uart.o(i.nrf_uart_int_enable_check)
    nrf_uart_int_enable_check                0x00020f8f   Thumb Code    18  nrf_drv_uart.o(i.nrf_uart_int_enable_check)
    i.nrf_uart_task_trigger                  0x00020fa0   Section        0  nrf_drv_uart.o(i.nrf_uart_task_trigger)
    nrf_uart_task_trigger                    0x00020fa1   Thumb Code     6  nrf_drv_uart.o(i.nrf_uart_task_trigger)
    i.nrf_uart_txrx_pins_set                 0x00020fa6   Section        0  nrf_drv_uart.o(i.nrf_uart_txrx_pins_set)
    nrf_uart_txrx_pins_set                   0x00020fa7   Thumb Code    10  nrf_drv_uart.o(i.nrf_uart_txrx_pins_set)
    i.nrf_uarte_errorsrc_get_and_clear       0x00020fb0   Section        0  nrf_drv_uart.o(i.nrf_uarte_errorsrc_get_and_clear)
    nrf_uarte_errorsrc_get_and_clear         0x00020fb1   Thumb Code    12  nrf_drv_uart.o(i.nrf_uarte_errorsrc_get_and_clear)
    i.nrf_uarte_event_check                  0x00020fbc   Section        0  nrf_drv_uart.o(i.nrf_uarte_event_check)
    nrf_uarte_event_check                    0x00020fbd   Thumb Code    14  nrf_drv_uart.o(i.nrf_uarte_event_check)
    i.nrf_uarte_event_clear                  0x00020fca   Section        0  nrf_drv_uart.o(i.nrf_uarte_event_clear)
    nrf_uarte_event_clear                    0x00020fcb   Thumb Code     6  nrf_drv_uart.o(i.nrf_uarte_event_clear)
    i.nrf_uarte_hwfc_pins_set                0x00020fd0   Section        0  nrf_drv_uart.o(i.nrf_uarte_hwfc_pins_set)
    nrf_uarte_hwfc_pins_set                  0x00020fd1   Thumb Code    12  nrf_drv_uart.o(i.nrf_uarte_hwfc_pins_set)
    i.nrf_uarte_int_disable                  0x00020fdc   Section        0  nrf_drv_uart.o(i.nrf_uarte_int_disable)
    nrf_uarte_int_disable                    0x00020fdd   Thumb Code     6  nrf_drv_uart.o(i.nrf_uarte_int_disable)
    i.nrf_uarte_int_enable                   0x00020fe2   Section        0  nrf_drv_uart.o(i.nrf_uarte_int_enable)
    nrf_uarte_int_enable                     0x00020fe3   Thumb Code     6  nrf_drv_uart.o(i.nrf_uarte_int_enable)
    i.nrf_uarte_rx_amount_get                0x00020fe8   Section        0  nrf_drv_uart.o(i.nrf_uarte_rx_amount_get)
    nrf_uarte_rx_amount_get                  0x00020fe9   Thumb Code    10  nrf_drv_uart.o(i.nrf_uarte_rx_amount_get)
    i.nrf_uarte_task_trigger                 0x00020ff2   Section        0  nrf_drv_uart.o(i.nrf_uarte_task_trigger)
    nrf_uarte_task_trigger                   0x00020ff3   Thumb Code     6  nrf_drv_uart.o(i.nrf_uarte_task_trigger)
    i.nrf_uarte_txrx_pins_set                0x00020ff8   Section        0  nrf_drv_uart.o(i.nrf_uarte_txrx_pins_set)
    nrf_uarte_txrx_pins_set                  0x00020ff9   Thumb Code    14  nrf_drv_uart.o(i.nrf_uarte_txrx_pins_set)
    i.nus_data_handler                       0x00021008   Section        0  main.o(i.nus_data_handler)
    nus_data_handler                         0x00021009   Thumb Code   230  main.o(i.nus_data_handler)
    i.on_adv_evt                             0x000210f4   Section        0  main.o(i.on_adv_evt)
    on_adv_evt                               0x000210f5   Thumb Code    50  main.o(i.on_adv_evt)
    i.on_ble_evt                             0x00021128   Section        0  main.o(i.on_ble_evt)
    on_ble_evt                               0x00021129   Thumb Code   168  main.o(i.on_ble_evt)
    i.on_conn_params_evt                     0x000211d4   Section        0  main.o(i.on_conn_params_evt)
    on_conn_params_evt                       0x000211d5   Thumb Code    38  main.o(i.on_conn_params_evt)
    i.on_conn_params_update                  0x00021200   Section        0  ble_conn_params.o(i.on_conn_params_update)
    on_conn_params_update                    0x00021201   Thumb Code    20  ble_conn_params.o(i.on_conn_params_update)
    i.on_connect                             0x00021218   Section        0  ble_conn_params.o(i.on_connect)
    on_connect                               0x00021219   Thumb Code    38  ble_conn_params.o(i.on_connect)
    i.on_connect                             0x00021250   Section        0  ble_nus.o(i.on_connect)
    on_connect                               0x00021251   Thumb Code     6  ble_nus.o(i.on_connect)
    i.on_disconnect                          0x00021258   Section        0  ble_conn_params.o(i.on_disconnect)
    on_disconnect                            0x00021259   Thumb Code    46  ble_conn_params.o(i.on_disconnect)
    i.on_disconnect                          0x00021298   Section        0  ble_nus.o(i.on_disconnect)
    on_disconnect                            0x00021299   Thumb Code     8  ble_nus.o(i.on_disconnect)
    i.on_write                               0x000212a0   Section        0  ble_conn_params.o(i.on_write)
    on_write                                 0x000212a1   Thumb Code    78  ble_conn_params.o(i.on_write)
    i.on_write                               0x000212f8   Section        0  ble_nus.o(i.on_write)
    on_write                                 0x000212f9   Thumb Code    80  ble_nus.o(i.on_write)
    i.peer_address_exists                    0x00021348   Section        0  ble_advertising.o(i.peer_address_exists)
    peer_address_exists                      0x00021349   Thumb Code    24  ble_advertising.o(i.peer_address_exists)
    i.pstorage_access_status_get             0x00021360   Section        0  pstorage.o(i.pstorage_access_status_get)
    i.pwm_handler                            0x0002138c   Section        0  drv_speaker.o(i.pwm_handler)
    pwm_handler                              0x0002138d   Thumb Code    56  drv_speaker.o(i.pwm_handler)
    i.ramp_down                              0x000213cc   Section        0  drv_speaker.o(i.ramp_down)
    ramp_down                                0x000213cd   Thumb Code    52  drv_speaker.o(i.ramp_down)
    i.rtc1_compare0_set                      0x00021408   Section        0  app_timer.o(i.rtc1_compare0_set)
    rtc1_compare0_set                        0x00021409   Thumb Code     6  app_timer.o(i.rtc1_compare0_set)
    i.rtc1_counter_get                       0x00021414   Section        0  app_timer.o(i.rtc1_counter_get)
    rtc1_counter_get                         0x00021415   Thumb Code     6  app_timer.o(i.rtc1_counter_get)
    i.rtc1_init                              0x00021420   Section        0  app_timer.o(i.rtc1_init)
    rtc1_init                                0x00021421   Thumb Code    18  app_timer.o(i.rtc1_init)
    i.rtc1_start                             0x00021438   Section        0  app_timer.o(i.rtc1_start)
    rtc1_start                               0x00021439   Thumb Code    48  app_timer.o(i.rtc1_start)
    i.rtc1_stop                              0x00021474   Section        0  app_timer.o(i.rtc1_stop)
    rtc1_stop                                0x00021475   Thumb Code    68  app_timer.o(i.rtc1_stop)
    i.rx_byte                                0x000214cc   Section        0  nrf_drv_uart.o(i.rx_byte)
    rx_byte                                  0x000214cd   Thumb Code    68  nrf_drv_uart.o(i.rx_byte)
    i.rx_char_add                            0x0002151c   Section        0  ble_nus.o(i.rx_char_add)
    rx_char_add                              0x0002151d   Thumb Code   310  ble_nus.o(i.rx_char_add)
    i.rx_done_event                          0x00021654   Section        0  nrf_drv_uart.o(i.rx_done_event)
    rx_done_event                            0x00021655   Thumb Code    30  nrf_drv_uart.o(i.rx_done_event)
    i.rx_enable                              0x00021678   Section        0  nrf_drv_uart.o(i.rx_enable)
    rx_enable                                0x00021679   Thumb Code    32  nrf_drv_uart.o(i.rx_enable)
    i.sd_check_ram_start                     0x0002169c   Section        0  softdevice_handler.o(i.sd_check_ram_start)
    i.sd_nvic_EnableIRQ                      0x000216b8   Section        0  softdevice_handler.o(i.sd_nvic_EnableIRQ)
    sd_nvic_EnableIRQ                        0x000216b9   Thumb Code   190  softdevice_handler.o(i.sd_nvic_EnableIRQ)
    i.sec_mgr_oob_flags_encode               0x00021788   Section        0  ble_advdata.o(i.sec_mgr_oob_flags_encode)
    sec_mgr_oob_flags_encode                 0x00021789   Thumb Code    54  ble_advdata.o(i.sec_mgr_oob_flags_encode)
    i.seq0_buffer_update                     0x000217c0   Section        0  drv_speaker.o(i.seq0_buffer_update)
    seq0_buffer_update                       0x000217c1   Thumb Code   218  drv_speaker.o(i.seq0_buffer_update)
    i.seq1_buffer_update                     0x000218a4   Section        0  drv_speaker.o(i.seq1_buffer_update)
    seq1_buffer_update                       0x000218a5   Thumb Code   228  drv_speaker.o(i.seq1_buffer_update)
    i.service_data_encode                    0x00021990   Section        0  ble_advdata.o(i.service_data_encode)
    service_data_encode                      0x00021991   Thumb Code   150  ble_advdata.o(i.service_data_encode)
    i.services_init                          0x00021a28   Section        0  main.o(i.services_init)
    services_init                            0x00021a29   Thumb Code    40  main.o(i.services_init)
    i.sleep_mode_enter                       0x00021a58   Section        0  main.o(i.sleep_mode_enter)
    sleep_mode_enter                         0x00021a59   Thumb Code    76  main.o(i.sleep_mode_enter)
    i.softdevice_ble_evt_handler_set         0x00021aa4   Section        0  softdevice_handler.o(i.softdevice_ble_evt_handler_set)
    i.softdevice_enable                      0x00021abc   Section        0  softdevice_handler.o(i.softdevice_enable)
    i.softdevice_enable_get_default_config   0x00021ad8   Section        0  softdevice_handler.o(i.softdevice_enable_get_default_config)
    i.softdevice_fault_handler               0x00021b04   Section        0  softdevice_handler.o(i.softdevice_fault_handler)
    i.softdevice_handler_init                0x00021b18   Section        0  softdevice_handler.o(i.softdevice_handler_init)
    i.srdata_check                           0x00021b7c   Section        0  ble_advdata.o(i.srdata_check)
    srdata_check                             0x00021b7d   Thumb Code    14  ble_advdata.o(i.srdata_check)
    i.start_playback                         0x00021b8a   Section        0  nrf_drv_pwm.o(i.start_playback)
    start_playback                           0x00021b8b   Thumb Code    84  nrf_drv_pwm.o(i.start_playback)
    i.ticks_diff_get                         0x00021bde   Section        0  app_timer.o(i.ticks_diff_get)
    ticks_diff_get                           0x00021bdf   Thumb Code    10  app_timer.o(i.ticks_diff_get)
    i.timeout_handler_exec                   0x00021be8   Section        0  app_timer.o(i.timeout_handler_exec)
    timeout_handler_exec                     0x00021be9   Thumb Code    50  app_timer.o(i.timeout_handler_exec)
    i.timer_list_handler                     0x00021c20   Section        0  app_timer.o(i.timer_list_handler)
    timer_list_handler                       0x00021c21   Thumb Code    72  app_timer.o(i.timer_list_handler)
    i.timer_list_handler_sched               0x00021c74   Section        0  app_timer.o(i.timer_list_handler_sched)
    timer_list_handler_sched                 0x00021c75   Thumb Code    10  app_timer.o(i.timer_list_handler_sched)
    i.timer_list_insert                      0x00021c80   Section        0  app_timer.o(i.timer_list_insert)
    timer_list_insert                        0x00021c81   Thumb Code    98  app_timer.o(i.timer_list_insert)
    i.timer_list_remove                      0x00021ce8   Section        0  app_timer.o(i.timer_list_remove)
    timer_list_remove                        0x00021ce9   Thumb Code    90  app_timer.o(i.timer_list_remove)
    i.timer_start_op_schedule                0x00021d54   Section        0  app_timer.o(i.timer_start_op_schedule)
    timer_start_op_schedule                  0x00021d55   Thumb Code    86  app_timer.o(i.timer_start_op_schedule)
    i.timer_stop_op_schedule                 0x00021db0   Section        0  app_timer.o(i.timer_stop_op_schedule)
    timer_stop_op_schedule                   0x00021db1   Thumb Code    58  app_timer.o(i.timer_stop_op_schedule)
    i.timer_timeouts_check                   0x00021df0   Section        0  app_timer.o(i.timer_timeouts_check)
    timer_timeouts_check                     0x00021df1   Thumb Code   130  app_timer.o(i.timer_timeouts_check)
    i.timer_timeouts_check_sched             0x00021e88   Section        0  app_timer.o(i.timer_timeouts_check_sched)
    timer_timeouts_check_sched               0x00021e89   Thumb Code    10  app_timer.o(i.timer_timeouts_check_sched)
    i.tk_value_encode                        0x00021e92   Section        0  ble_advdata.o(i.tk_value_encode)
    tk_value_encode                          0x00021e93   Thumb Code    70  ble_advdata.o(i.tk_value_encode)
    i.tx_byte                                0x00021ed8   Section        0  nrf_drv_uart.o(i.tx_byte)
    tx_byte                                  0x00021ed9   Thumb Code    42  nrf_drv_uart.o(i.tx_byte)
    i.tx_char_add                            0x00021f10   Section        0  ble_nus.o(i.tx_char_add)
    tx_char_add                              0x00021f11   Thumb Code   236  ble_nus.o(i.tx_char_add)
    i.tx_done_event                          0x00021ffc   Section        0  nrf_drv_uart.o(i.tx_done_event)
    tx_done_event                            0x00021ffd   Thumb Code    38  nrf_drv_uart.o(i.tx_done_event)
    i.tx_power_level_encode                  0x00022028   Section        0  ble_advdata.o(i.tx_power_level_encode)
    tx_power_level_encode                    0x00022029   Thumb Code    54  ble_advdata.o(i.tx_power_level_encode)
    i.uart_event_handle                      0x00022060   Section        0  main.o(i.uart_event_handle)
    i.uart_event_handler                     0x000220f4   Section        0  app_uart_fifo.o(i.uart_event_handler)
    uart_event_handler                       0x000220f5   Thumb Code   170  app_uart_fifo.o(i.uart_event_handler)
    i.uart_init                              0x000221b4   Section        0  main.o(i.uart_init)
    uart_init                                0x000221b5   Thumb Code    72  main.o(i.uart_init)
    i.uart_irq_handler                       0x0002220c   Section        0  nrf_drv_uart.o(i.uart_irq_handler)
    uart_irq_handler                         0x0002220d   Thumb Code   342  nrf_drv_uart.o(i.uart_irq_handler)
    i.uarte_irq_handler                      0x0002236c   Section        0  nrf_drv_uart.o(i.uarte_irq_handler)
    uarte_irq_handler                        0x0002236d   Thumb Code   286  nrf_drv_uart.o(i.uarte_irq_handler)
    i.uint16_encode                          0x00022498   Section        0  ble_advdata.o(i.uint16_encode)
    uint16_encode                            0x00022499   Thumb Code    12  ble_advdata.o(i.uint16_encode)
    i.update_timeout_handler                 0x000224a4   Section        0  ble_conn_params.o(i.update_timeout_handler)
    update_timeout_handler                   0x000224a5   Thumb Code   126  ble_conn_params.o(i.update_timeout_handler)
    i.user_id_get                            0x00022534   Section        0  app_timer.o(i.user_id_get)
    user_id_get                              0x00022535   Thumb Code    78  app_timer.o(i.user_id_get)
    i.user_op_alloc                          0x0002258c   Section        0  app_timer.o(i.user_op_alloc)
    user_op_alloc                            0x0002258d   Thumb Code    48  app_timer.o(i.user_op_alloc)
    i.user_op_enque                          0x000225bc   Section        0  app_timer.o(i.user_op_enque)
    user_op_enque                            0x000225bd   Thumb Code     4  app_timer.o(i.user_op_enque)
    i.uuid_list_encode                       0x000225c0   Section        0  ble_advdata.o(i.uuid_list_encode)
    uuid_list_encode                         0x000225c1   Thumb Code    78  ble_advdata.o(i.uuid_list_encode)
    i.uuid_list_sized_encode                 0x0002260e   Section        0  ble_advdata.o(i.uuid_list_sized_encode)
    uuid_list_sized_encode                   0x0002260f   Thumb Code   220  ble_advdata.o(i.uuid_list_sized_encode)
    i.whitelist_has_entries                  0x000226ea   Section        0  ble_advertising.o(i.whitelist_has_entries)
    whitelist_has_entries                    0x000226eb   Thumb Code    18  ble_advertising.o(i.whitelist_has_entries)
    .constdata                               0x000226fc   Section    21608  main.o(.constdata)
    sound_0                                  0x000226fc   Data        4160  main.o(.constdata)
    sound_1                                  0x0002373c   Data        3252  main.o(.constdata)
    sound_2                                  0x000243f0   Data        2240  main.o(.constdata)
    sound_3                                  0x00024cb0   Data        1560  main.o(.constdata)
    sound_4                                  0x000252c8   Data        1538  main.o(.constdata)
    sound_5                                  0x000258ca   Data        1760  main.o(.constdata)
    sound_6                                  0x00025faa   Data        4533  main.o(.constdata)
    sound_7                                  0x0002715f   Data        1440  main.o(.constdata)
    sound_8                                  0x000276ff   Data         720  main.o(.constdata)
    .constdata                               0x00027b64   Section       60  bsp.o(.constdata)
    m_leds_timer_id                          0x00027b64   Data           4  bsp.o(.constdata)
    m_alert_timer_id                         0x00027b68   Data           4  bsp.o(.constdata)
    m_button_timer_id                        0x00027b6c   Data           4  bsp.o(.constdata)
    m_buttons_list                           0x00027b70   Data          16  bsp.o(.constdata)
    app_buttons                              0x00027b80   Data          32  bsp.o(.constdata)
    .constdata                               0x00027ba0   Section        4  ble_conn_params.o(.constdata)
    m_conn_params_timer_id                   0x00027ba0   Data           4  ble_conn_params.o(.constdata)
    .constdata                               0x00027ba4   Section       16  ble_nus.o(.constdata)
    .constdata                               0x00027bb4   Section       32  app_uart_fifo.o(.constdata)
    .constdata                               0x00027bd4   Section       32  nrf_drv_uart.o(.constdata)
    m_default_config                         0x00027bd4   Data          32  nrf_drv_uart.o(.constdata)
    .constdata                               0x00027bf4   Section       20  nrf_drv_i2s.o(.constdata)
    m_default_config                         0x00027bf4   Data          20  nrf_drv_i2s.o(.constdata)
    .constdata                               0x00027c08   Section       24  nrf_drv_pwm.o(.constdata)
    m_default_config                         0x00027c08   Data          24  nrf_drv_pwm.o(.constdata)
    .constdata                               0x00027c20   Section       20  i2s_ws2812b_drive.o(.constdata)
    .constdata                               0x00027c34   Section    21252  drv_speaker.o(.constdata)
    sound_0                                  0x00027c34   Data        4160  drv_speaker.o(.constdata)
    sound_1                                  0x00028c74   Data        3252  drv_speaker.o(.constdata)
    sound_2                                  0x00029928   Data        2240  drv_speaker.o(.constdata)
    sound_3                                  0x0002a1e8   Data        1560  drv_speaker.o(.constdata)
    sound_4                                  0x0002a800   Data        1538  drv_speaker.o(.constdata)
    sound_5                                  0x0002ae02   Data        1760  drv_speaker.o(.constdata)
    sound_6                                  0x0002b4e2   Data        4533  drv_speaker.o(.constdata)
    sound_7                                  0x0002c697   Data        1440  drv_speaker.o(.constdata)
    sound_8                                  0x0002cc37   Data         720  drv_speaker.o(.constdata)
    ramp_down_dat                            0x0002cf07   Data          20  drv_speaker.o(.constdata)
    .constdata                               0x0002cf38   Section     2052  arm_common_tables.o(.constdata)
    .data                                    0x20002080   Section       19  main.o(.data)
    m_conn_handle                            0x20002080   Data           2  main.o(.data)
    m_adv_uuids                              0x20002082   Data           4  main.o(.data)
    m_pwm0                                   0x20002088   Data           8  main.o(.data)
    m_seq_values                             0x20002090   Data           2  main.o(.data)
    index                                    0x20002092   Data           1  main.o(.data)
    .data                                    0x20002094   Section       25  bsp.o(.data)
    m_stable_state                           0x20002094   Data           1  bsp.o(.data)
    m_app_ticks_per_100ms                    0x20002098   Data           4  bsp.o(.data)
    m_indication_type                        0x2000209c   Data           4  bsp.o(.data)
    m_alert_mask                             0x200020a0   Data           4  bsp.o(.data)
    m_registered_callback                    0x200020a4   Data           4  bsp.o(.data)
    current_long_push_pin_no                 0x200020a8   Data           1  bsp.o(.data)
    release_event_at_push                    0x200020a9   Data           4  bsp.o(.data)
    .data                                    0x200020b0   Section        8  bsp_btn_ble.o(.data)
    m_error_handler                          0x200020b0   Data           4  bsp_btn_ble.o(.data)
    m_num_connections                        0x200020b4   Data           4  bsp_btn_ble.o(.data)
    .data                                    0x200020b8   Section       32  ble_advertising.o(.data)
    m_advertising_start_pending              0x200020b8   Data           1  ble_advertising.o(.data)
    m_peer_address                           0x200020b9   Data           7  ble_advertising.o(.data)
    m_adv_evt                                0x200020c0   Data           1  ble_advertising.o(.data)
    m_evt_handler                            0x200020c4   Data           4  ble_advertising.o(.data)
    m_error_handler                          0x200020c8   Data           4  ble_advertising.o(.data)
    m_adv_mode_current                       0x200020cc   Data           1  ble_advertising.o(.data)
    m_whitelist_temporarily_disabled         0x200020cd   Data           1  ble_advertising.o(.data)
    m_whitelist_reply_expected               0x200020ce   Data           1  ble_advertising.o(.data)
    m_peer_addr_reply_expected               0x200020cf   Data           1  ble_advertising.o(.data)
    m_slave_conn_int                         0x200020d0   Data           4  ble_advertising.o(.data)
    m_tx_power_level                         0x200020d4   Data           1  ble_advertising.o(.data)
    current_slave_link_conn_handle           0x200020d6   Data           2  ble_advertising.o(.data)
    .data                                    0x200020d8   Section       21  ble_conn_params.o(.data)
    m_preferred_conn_params                  0x200020d8   Data           8  ble_conn_params.o(.data)
    m_update_count                           0x200020e0   Data           1  ble_conn_params.o(.data)
    m_conn_handle                            0x200020e2   Data           2  ble_conn_params.o(.data)
    m_current_conn_params                    0x200020e4   Data           8  ble_conn_params.o(.data)
    m_change_param                           0x200020ec   Data           1  ble_conn_params.o(.data)
    .data                                    0x200020f0   Section        6  app_uart_fifo.o(.data)
    m_event_handler                          0x200020f0   Data           4  app_uart_fifo.o(.data)
    tx_buffer                                0x200020f4   Data           1  app_uart_fifo.o(.data)
    rx_buffer                                0x200020f5   Data           1  app_uart_fifo.o(.data)
    .data                                    0x200020f8   Section       40  pstorage.o(.data)
    m_next_app_instance                      0x200020f8   Data           2  pstorage.o(.data)
    m_next_page_addr                         0x200020fc   Data           4  pstorage.o(.data)
    m_state                                  0x20002100   Data           1  pstorage.o(.data)
    m_swap_sub_state                         0x20002101   Data           1  pstorage.o(.data)
    m_head_word_size                         0x20002104   Data           4  pstorage.o(.data)
    m_tail_word_size                         0x20002108   Data           4  pstorage.o(.data)
    m_current_page_id                        0x2000210c   Data           4  pstorage.o(.data)
    m_num_of_command_retries                 0x20002110   Data           4  pstorage.o(.data)
    m_num_of_bytes_written                   0x20002114   Data           4  pstorage.o(.data)
    m_app_data_size                          0x20002118   Data           4  pstorage.o(.data)
    m_flags                                  0x2000211c   Data           4  pstorage.o(.data)
    .data                                    0x20002120   Section       34  app_timer.o(.data)
    m_user_array_size                        0x20002120   Data           1  app_timer.o(.data)
    mp_users                                 0x20002124   Data           4  app_timer.o(.data)
    mp_timer_id_head                         0x20002128   Data           4  app_timer.o(.data)
    m_ticks_latest                           0x2000212c   Data           4  app_timer.o(.data)
    m_ticks_elapsed                          0x20002130   Data           8  app_timer.o(.data)
    m_ticks_elapsed_q_read_ind               0x20002138   Data           1  app_timer.o(.data)
    m_ticks_elapsed_q_write_ind              0x20002139   Data           1  app_timer.o(.data)
    m_evt_schedule_func                      0x2000213c   Data           4  app_timer.o(.data)
    m_rtc1_running                           0x20002140   Data           1  app_timer.o(.data)
    m_rtc1_reset                             0x20002141   Data           1  app_timer.o(.data)
    .data                                    0x20002144   Section        8  retarget.o(.data)
    .data                                    0x2000214c   Section       24  softdevice_handler.o(.data)
    m_evt_schedule_func                      0x2000214c   Data           4  softdevice_handler.o(.data)
    m_softdevice_enabled                     0x20002150   Data           1  softdevice_handler.o(.data)
    mp_ble_evt_buffer                        0x20002154   Data           4  softdevice_handler.o(.data)
    m_ble_evt_buffer_size                    0x20002158   Data           2  softdevice_handler.o(.data)
    m_ble_evt_handler                        0x2000215c   Data           4  softdevice_handler.o(.data)
    m_sys_evt_handler                        0x20002160   Data           4  softdevice_handler.o(.data)
    .data                                    0x20002164   Section        8  i2s_ws2812b_drive.o(.data)
    .data                                    0x2000216c   Section       16  drv_speaker.o(.data)
    m_speaker_pwm                            0x2000216c   Data           8  drv_speaker.o(.data)
    s_params                                 0x20002174   Data           4  drv_speaker.o(.data)
    buffered_samples                         0x20002178   Data           4  drv_speaker.o(.data)
    .data                                    0x2000217c   Section        4  system_nrf52.o(.data)
    __tagsym$$used                           0x2000217c   Number         0  system_nrf52.o(.data)
    .data                                    0x20002180   Section        4  mvars.o(.data)
    .data                                    0x20002184   Section        4  mvars.o(.data)
    .bss                                     0x20002188   Section     1100  main.o(.bss)
    m_nus                                    0x20002188   Data          28  main.o(.bss)
    BLE_EVT_BUFFER                           0x200021b0   Data          72  main.o(.bss)
    data_array                               0x200021f8   Data          20  main.o(.bss)
    rx_buf                                   0x2000220c   Data         256  main.o(.bss)
    tx_buf                                   0x2000230c   Data         256  main.o(.bss)
    APP_TIMER_BUF                            0x2000240c   Data         456  main.o(.bss)
    .bss                                     0x200025d4   Section      108  bsp.o(.bss)
    m_leds_timer_id_data                     0x200025d4   Data          32  bsp.o(.bss)
    m_alert_timer_id_data                    0x200025f4   Data          32  bsp.o(.bss)
    m_events_list                            0x20002614   Data          12  bsp.o(.bss)
    m_button_timer_id_data                   0x20002620   Data          32  bsp.o(.bss)
    .bss                                     0x20002640   Section      259  ble_advertising.o(.bss)
    m_advdata                                0x20002640   Data          56  ble_advertising.o(.bss)
    m_adv_modes_config                       0x20002678   Data          36  ble_advertising.o(.bss)
    m_whitelist                              0x2000269c   Data          16  ble_advertising.o(.bss)
    mp_whitelist_addr                        0x200026ac   Data          32  ble_advertising.o(.bss)
    mp_whitelist_irk                         0x200026cc   Data          32  ble_advertising.o(.bss)
    m_manuf_specific_data                    0x200026ec   Data          12  ble_advertising.o(.bss)
    m_manuf_data_array                       0x200026f8   Data          31  ble_advertising.o(.bss)
    m_service_data                           0x20002718   Data          12  ble_advertising.o(.bss)
    m_service_data_array                     0x20002724   Data          31  ble_advertising.o(.bss)
    .bss                                     0x20002744   Section       60  ble_conn_params.o(.bss)
    m_conn_params_config                     0x20002744   Data          28  ble_conn_params.o(.bss)
    m_conn_params_timer_id_data              0x20002760   Data          32  ble_conn_params.o(.bss)
    .bss                                     0x20002780   Section       32  app_uart_fifo.o(.bss)
    m_rx_fifo                                0x20002780   Data          16  app_uart_fifo.o(.bss)
    m_tx_fifo                                0x20002790   Data          16  app_uart_fifo.o(.bss)
    .bss                                     0x200027a0   Section       88  nrf_drv_gpiote.o(.bss)
    m_cb                                     0x200027a0   Data          88  nrf_drv_gpiote.o(.bss)
    .bss                                     0x200027f8   Section       32  nrf_drv_uart.o(.bss)
    m_cb                                     0x200027f8   Data          32  nrf_drv_uart.o(.bss)
    .bss                                     0x20002818   Section      216  pstorage.o(.bss)
    m_cmd_queue                              0x20002818   Data         204  pstorage.o(.bss)
    m_app_table                              0x200028e4   Data          12  pstorage.o(.bss)
    .bss                                     0x200028f0   Section       16  nrf_drv_i2s.o(.bss)
    m_cb                                     0x200028f0   Data          16  nrf_drv_i2s.o(.bss)
    .bss                                     0x20002900   Section       16  nrf_drv_pwm.o(.bss)
    m_cb                                     0x20002900   Data          16  nrf_drv_pwm.o(.bss)
    .bss                                     0x20002910   Section       12  nrf_drv_timer.o(.bss)
    m_cb                                     0x20002910   Data          12  nrf_drv_timer.o(.bss)
    .bss                                     0x2000291c   Section       88  fstorage.o(.bss)
    m_queue                                  0x2000291c   Data          88  fstorage.o(.bss)
    .bss                                     0x20002974   Section       12  softdevice_handler.o(.bss)
    .bss                                     0x20002980   Section     2316  drv_speaker.o(.bss)
    ram_buf                                  0x20002980   Data        2184  drv_speaker.o(.bss)
    s_pcm                                    0x20003208   Data         132  drv_speaker.o(.bss)
    HEAP                                     0x20003290   Section     8192  arm_startup_nrf52.o(HEAP)
    STACK                                    0x20005290   Section     8192  arm_startup_nrf52.o(STACK)

    Global Symbols

    Symbol Name                              Value     Ov Type        Size  Object(Section)

    BuildAttributes$$THM_ISAv4$E$P$D$K$B$S$7EM$VFPi3$EXTD16$VFPS$VFMA$PE$A:L22UL41UL21$X:L11$S22US41US21$IEEE1$IW$USESV6$~STKCKD$USESV7$~SHL$OTIME$ROPI$IEEEX$EBA8$MICROLIB$REQ8$PRES8$EABIv2 0x00000000   Number         0  anon$$obj.o ABSOLUTE
    __ARM_use_no_argv                        0x00000000   Number         0  main.o ABSOLUTE
    __cpp_initialize__aeabi_                  - Undefined Weak Reference
    __cxa_finalize                            - Undefined Weak Reference
    __decompress                              - Undefined Weak Reference
    _clock_init                               - Undefined Weak Reference
    _microlib_exit                            - Undefined Weak Reference
    fs_data$$Base                             - Undefined Reference
    fs_data$$Limit                            - Undefined Reference
    __Vectors_Size                           0x00000200   Number         0  arm_startup_nrf52.o ABSOLUTE
    __Vectors                                0x0001c000   Data           4  arm_startup_nrf52.o(RESET)
    __Vectors_End                            0x0001c200   Data           0  arm_startup_nrf52.o(RESET)
    __main                                   0x0001c201   Thumb Code     0  entry.o(.ARM.Collect$$$$00000000)
    _main_stk                                0x0001c201   Thumb Code     0  entry2.o(.ARM.Collect$$$$00000001)
    _main_scatterload                        0x0001c205   Thumb Code     0  entry5.o(.ARM.Collect$$$$00000004)
    __main_after_scatterload                 0x0001c209   Thumb Code     0  entry5.o(.ARM.Collect$$$$00000004)
    _main_clock                              0x0001c209   Thumb Code     0  entry7b.o(.ARM.Collect$$$$00000008)
    _main_cpp_init                           0x0001c209   Thumb Code     0  entry8b.o(.ARM.Collect$$$$0000000A)
    _main_init                               0x0001c209   Thumb Code     0  entry9a.o(.ARM.Collect$$$$0000000B)
    __rt_final_cpp                           0x0001c211   Thumb Code     0  entry10a.o(.ARM.Collect$$$$0000000D)
    __rt_final_exit                          0x0001c211   Thumb Code     0  entry11a.o(.ARM.Collect$$$$0000000F)
    __asm___11_nrf_delay_c_532987f3__nrf_delay_us 0x0001c215   Thumb Code   118  nrf_delay.o(.emb_text)
    __asm___11_app_timer_c_cd27f9c3__nrf_delay_us 0x0001c28d   Thumb Code   118  app_timer.o(.emb_text)
    __asm___19_i2s_ws2812b_drive_c_58eccd55__nrf_delay_us 0x0001c305   Thumb Code   118  i2s_ws2812b_drive.o(.emb_text)
    Reset_Handler                            0x0001c37d   Thumb Code     8  arm_startup_nrf52.o(.text)
    NMI_Handler                              0x0001c385   Thumb Code     2  arm_startup_nrf52.o(.text)
    HardFault_Handler                        0x0001c387   Thumb Code     2  arm_startup_nrf52.o(.text)
    MemoryManagement_Handler                 0x0001c389   Thumb Code     2  arm_startup_nrf52.o(.text)
    BusFault_Handler                         0x0001c38b   Thumb Code     2  arm_startup_nrf52.o(.text)
    UsageFault_Handler                       0x0001c38d   Thumb Code     2  arm_startup_nrf52.o(.text)
    SVC_Handler                              0x0001c38f   Thumb Code     2  arm_startup_nrf52.o(.text)
    DebugMon_Handler                         0x0001c391   Thumb Code     2  arm_startup_nrf52.o(.text)
    PendSV_Handler                           0x0001c393   Thumb Code     2  arm_startup_nrf52.o(.text)
    SysTick_Handler                          0x0001c395   Thumb Code     2  arm_startup_nrf52.o(.text)
    CCM_AAR_IRQHandler                       0x0001c397   Thumb Code     0  arm_startup_nrf52.o(.text)
    COMP_LPCOMP_IRQHandler                   0x0001c397   Thumb Code     0  arm_startup_nrf52.o(.text)
    ECB_IRQHandler                           0x0001c397   Thumb Code     0  arm_startup_nrf52.o(.text)
    FPU_IRQHandler                           0x0001c397   Thumb Code     0  arm_startup_nrf52.o(.text)
    MWU_IRQHandler                           0x0001c397   Thumb Code     0  arm_startup_nrf52.o(.text)
    NFCT_IRQHandler                          0x0001c397   Thumb Code     0  arm_startup_nrf52.o(.text)
    PDM_IRQHandler                           0x0001c397   Thumb Code     0  arm_startup_nrf52.o(.text)
    POWER_CLOCK_IRQHandler                   0x0001c397   Thumb Code     0  arm_startup_nrf52.o(.text)
    PWM2_IRQHandler                          0x0001c397   Thumb Code     0  arm_startup_nrf52.o(.text)
    QDEC_IRQHandler                          0x0001c397   Thumb Code     0  arm_startup_nrf52.o(.text)
    RADIO_IRQHandler                         0x0001c397   Thumb Code     0  arm_startup_nrf52.o(.text)
    RNG_IRQHandler                           0x0001c397   Thumb Code     0  arm_startup_nrf52.o(.text)
    RTC0_IRQHandler                          0x0001c397   Thumb Code     0  arm_startup_nrf52.o(.text)
    RTC2_IRQHandler                          0x0001c397   Thumb Code     0  arm_startup_nrf52.o(.text)
    SAADC_IRQHandler                         0x0001c397   Thumb Code     0  arm_startup_nrf52.o(.text)
    SPIM0_SPIS0_TWIM0_TWIS0_SPI0_TWI0_IRQHandler 0x0001c397   Thumb Code     0  arm_startup_nrf52.o(.text)
    SPIM1_SPIS1_TWIM1_TWIS1_SPI1_TWI1_IRQHandler 0x0001c397   Thumb Code     0  arm_startup_nrf52.o(.text)
    SPIM2_SPIS2_SPI2_IRQHandler              0x0001c397   Thumb Code     0  arm_startup_nrf52.o(.text)
    SWI1_EGU1_IRQHandler                     0x0001c397   Thumb Code     0  arm_startup_nrf52.o(.text)
    SWI3_EGU3_IRQHandler                     0x0001c397   Thumb Code     0  arm_startup_nrf52.o(.text)
    SWI4_EGU4_IRQHandler                     0x0001c397   Thumb Code     0  arm_startup_nrf52.o(.text)
    SWI5_EGU5_IRQHandler                     0x0001c397   Thumb Code     0  arm_startup_nrf52.o(.text)
    TEMP_IRQHandler                          0x0001c397   Thumb Code     0  arm_startup_nrf52.o(.text)
    TIMER0_IRQHandler                        0x0001c397   Thumb Code     0  arm_startup_nrf52.o(.text)
    TIMER2_IRQHandler                        0x0001c397   Thumb Code     0  arm_startup_nrf52.o(.text)
    TIMER3_IRQHandler                        0x0001c397   Thumb Code     0  arm_startup_nrf52.o(.text)
    TIMER4_IRQHandler                        0x0001c397   Thumb Code     0  arm_startup_nrf52.o(.text)
    WDT_IRQHandler                           0x0001c397   Thumb Code     0  arm_startup_nrf52.o(.text)
    arm_sin_f32                              0x0001c3a1   Thumb Code   118  arm_sin_f32.o(.text)
    __aeabi_memcpy                           0x0001c425   Thumb Code    36  memcpya.o(.text)
    __aeabi_memcpy4                          0x0001c425   Thumb Code     0  memcpya.o(.text)
    __aeabi_memcpy8                          0x0001c425   Thumb Code     0  memcpya.o(.text)
    __aeabi_memset                           0x0001c449   Thumb Code    14  memseta.o(.text)
    __aeabi_memset4                          0x0001c449   Thumb Code     0  memseta.o(.text)
    __aeabi_memset8                          0x0001c449   Thumb Code     0  memseta.o(.text)
    __aeabi_memclr                           0x0001c457   Thumb Code     4  memseta.o(.text)
    __aeabi_memclr4                          0x0001c457   Thumb Code     0  memseta.o(.text)
    __aeabi_memclr8                          0x0001c457   Thumb Code     0  memseta.o(.text)
    _memset$wrapper                          0x0001c45b   Thumb Code    18  memseta.o(.text)
    __aeabi_uidiv                            0x0001c46d   Thumb Code     0  uidiv.o(.text)
    __aeabi_uidivmod                         0x0001c46d   Thumb Code    44  uidiv.o(.text)
    __aeabi_uldivmod                         0x0001c499   Thumb Code    98  uldiv.o(.text)
    __I$use$fp                               0x0001c4fb   Thumb Code     0  iusefp.o(.text)
    __aeabi_dadd                             0x0001c4fb   Thumb Code   322  dadd.o(.text)
    __aeabi_dsub                             0x0001c63d   Thumb Code     6  dadd.o(.text)
    __aeabi_drsub                            0x0001c643   Thumb Code     6  dadd.o(.text)
    __aeabi_dmul                             0x0001c649   Thumb Code   228  dmul.o(.text)
    __aeabi_ddiv                             0x0001c72d   Thumb Code   222  ddiv.o(.text)
    __aeabi_d2ulz                            0x0001c80b   Thumb Code    48  dfixul.o(.text)
    __aeabi_cdrcmple                         0x0001c83d   Thumb Code    48  cdrcmple.o(.text)
    __scatterload                            0x0001c86d   Thumb Code    28  init.o(.text)
    __scatterload_rt2                        0x0001c86d   Thumb Code     0  init.o(.text)
    __aeabi_llsl                             0x0001c891   Thumb Code    30  llshl.o(.text)
    _ll_shift_l                              0x0001c891   Thumb Code     0  llshl.o(.text)
    __aeabi_llsr                             0x0001c8af   Thumb Code    32  llushr.o(.text)
    _ll_ushift_r                             0x0001c8af   Thumb Code     0  llushr.o(.text)
    __aeabi_lasr                             0x0001c8cf   Thumb Code    36  llsshr.o(.text)
    _ll_sshift_r                             0x0001c8cf   Thumb Code     0  llsshr.o(.text)
    _double_round                            0x0001c8f3   Thumb Code    30  depilogue.o(.text)
    _double_epilogue                         0x0001c911   Thumb Code   156  depilogue.o(.text)
    GPIOTE_IRQHandler                        0x0001c9ad   Thumb Code   420  nrf_drv_gpiote.o(i.GPIOTE_IRQHandler)
    I2S_IRQHandler                           0x0001cb65   Thumb Code   340  nrf_drv_i2s.o(i.I2S_IRQHandler)
    PWM0_IRQHandler                          0x0001cd35   Thumb Code    12  nrf_drv_pwm.o(i.PWM0_IRQHandler)
    PWM1_IRQHandler                          0x0001cd49   Thumb Code    12  nrf_drv_pwm.o(i.PWM1_IRQHandler)
    RTC1_IRQHandler                          0x0001cd5d   Thumb Code    44  app_timer.o(i.RTC1_IRQHandler)
    SWI0_EGU0_IRQHandler                     0x0001cd91   Thumb Code     8  app_timer.o(i.SWI0_EGU0_IRQHandler)
    SWI2_EGU2_IRQHandler                     0x0001cd99   Thumb Code    42  softdevice_handler.o(i.SWI2_EGU2_IRQHandler)
    SystemCoreClockUpdate                    0x0001cdc9   Thumb Code     8  system_nrf52.o(i.SystemCoreClockUpdate)
    SystemInit                               0x0001cdd9   Thumb Code   578  system_nrf52.o(i.SystemInit)
    TIMER1_IRQHandler                        0x0001d05d   Thumb Code    14  nrf_drv_timer.o(i.TIMER1_IRQHandler)
    UARTE0_UART0_IRQHandler                  0x0001d075   Thumb Code    20  nrf_drv_uart.o(i.UARTE0_UART0_IRQHandler)
    __0printf                                0x0001d08d   Thumb Code    22  printfa.o(i.__0printf)
    __1printf                                0x0001d08d   Thumb Code     0  printfa.o(i.__0printf)
    __2printf                                0x0001d08d   Thumb Code     0  printfa.o(i.__0printf)
    __c89printf                              0x0001d08d   Thumb Code     0  printfa.o(i.__0printf)
    printf                                   0x0001d08d   Thumb Code     0  printfa.o(i.__0printf)
    __scatterload_copy                       0x0001d0ad   Thumb Code    14  handlers.o(i.__scatterload_copy)
    __scatterload_null                       0x0001d0bb   Thumb Code     2  handlers.o(i.__scatterload_null)
    __scatterload_zeroinit                   0x0001d0bd   Thumb Code    14  handlers.o(i.__scatterload_zeroinit)
    adv_data_encode                          0x0001d95f   Thumb Code   454  ble_advdata.o(i.adv_data_encode)
    app_error_fault_handler                  0x0001dc05   Thumb Code    60  app_error_weak.o(i.app_error_fault_handler)
    app_error_handler_bare                   0x0001dc49   Thumb Code    28  app_error.o(i.app_error_handler_bare)
    app_fifo_get                             0x0001dc65   Thumb Code    30  app_fifo.o(i.app_fifo_get)
    app_fifo_init                            0x0001dc83   Thumb Code    36  app_fifo.o(i.app_fifo_init)
    app_fifo_put                             0x0001dca7   Thumb Code    34  app_fifo.o(i.app_fifo_put)
    app_timer_create                         0x0001dcc9   Thumb Code    56  app_timer.o(i.app_timer_create)
    app_timer_init                           0x0001dd05   Thumb Code   154  app_timer.o(i.app_timer_init)
    app_timer_start                          0x0001ddbd   Thumb Code    84  app_timer.o(i.app_timer_start)
    app_timer_stop                           0x0001de15   Thumb Code    48  app_timer.o(i.app_timer_stop)
    app_uart_get                             0x0001de49   Thumb Code    46  app_uart_fifo.o(i.app_uart_get)
    app_uart_init                            0x0001de81   Thumb Code   178  app_uart_fifo.o(i.app_uart_init)
    app_uart_put                             0x0001df4d   Thumb Code    46  app_uart_fifo.o(i.app_uart_put)
    ble_advdata_set                          0x0001e095   Thumb Code   148  ble_advdata.o(i.ble_advdata_set)
    ble_advertising_init                     0x0001e129   Thumb Code   324  ble_advertising.o(i.ble_advertising_init)
    ble_advertising_on_ble_evt               0x0001e2a5   Thumb Code   224  ble_advertising.o(i.ble_advertising_on_ble_evt)
    ble_advertising_start                    0x0001e3ad   Thumb Code   604  ble_advertising.o(i.ble_advertising_start)
    ble_conn_params_init                     0x0001e635   Thumb Code    84  ble_conn_params.o(i.ble_conn_params_init)
    ble_conn_params_on_ble_evt               0x0001e6a5   Thumb Code    62  ble_conn_params.o(i.ble_conn_params_on_ble_evt)
    ble_nus_init                             0x0001e785   Thumb Code   144  ble_nus.o(i.ble_nus_init)
    ble_nus_on_ble_evt                       0x0001e819   Thumb Code    66  ble_nus.o(i.ble_nus_on_ble_evt)
    ble_nus_string_send                      0x0001e85b   Thumb Code    86  ble_nus.o(i.ble_nus_string_send)
    bsp_btn_ble_on_ble_evt                   0x0001e965   Thumb Code   110  bsp_btn_ble.o(i.bsp_btn_ble_on_ble_evt)
    bsp_btn_ble_sleep_mode_prepare           0x0001e9dd   Thumb Code    28  bsp_btn_ble.o(i.bsp_btn_ble_sleep_mode_prepare)
    bsp_event_to_button_action_assign        0x0001ead5   Thumb Code    86  bsp.o(i.bsp_event_to_button_action_assign)
    bsp_indication_set                       0x0001eb31   Thumb Code    28  bsp.o(i.bsp_indication_set)
    bsp_wakeup_buttons_set                   0x0001f0ed   Thumb Code    70  bsp.o(i.bsp_wakeup_buttons_set)
    drv_speaker_init                         0x0001f559   Thumb Code    78  drv_speaker.o(i.drv_speaker_init)
    drv_speaker_tone_start                   0x0001f5bd   Thumb Code   270  drv_speaker.o(i.drv_speaker_tone_start)
    fputc                                    0x0001fafd   Thumb Code    16  retarget.o(i.fputc)
    free                                     0x0001fb0d   Thumb Code    76  malloc.o(i.free)
    fs_queued_op_count_get                   0x0001fb5d   Thumb Code    18  fstorage.o(i.fs_queued_op_count_get)
    i2s_ws2812b_drive_set_buff               0x0001fc39   Thumb Code   146  i2s_ws2812b_drive.o(i.i2s_ws2812b_drive_set_buff)
    i2s_ws2812b_drive_xfer                   0x0001fccd   Thumb Code   266  i2s_ws2812b_drive.o(i.i2s_ws2812b_drive_xfer)
    intern_softdevice_events_execute         0x0001fded   Thumb Code   142  softdevice_handler.o(i.intern_softdevice_events_execute)
    main                                     0x000201bd   Thumb Code   198  main.o(i.main)
    malloc                                   0x000202a9   Thumb Code    92  malloc.o(i.malloc)
    nrf_delay_ms                             0x0002044d   Thumb Code    26  nrf_delay.o(i.nrf_delay_ms)
    nrf_drv_common_irq_enable                0x00020469   Thumb Code    84  nrf_drv_common.o(i.nrf_drv_common_irq_enable)
    nrf_drv_i2s_init                         0x000204d5   Thumb Code    84  nrf_drv_i2s.o(i.nrf_drv_i2s_init)
    nrf_drv_i2s_start                        0x00020535   Thumb Code   316  nrf_drv_i2s.o(i.nrf_drv_i2s_start)
    nrf_drv_i2s_stop                         0x00020681   Thumb Code    38  nrf_drv_i2s.o(i.nrf_drv_i2s_stop)
    nrf_drv_i2s_uninit                       0x000206b5   Thumb Code    38  nrf_drv_i2s.o(i.nrf_drv_i2s_uninit)
    nrf_drv_pwm_init                         0x000206f9   Thumb Code   182  nrf_drv_pwm.o(i.nrf_drv_pwm_init)
    nrf_drv_pwm_is_stopped                   0x000207b9   Thumb Code    44  nrf_drv_pwm.o(i.nrf_drv_pwm_is_stopped)
    nrf_drv_pwm_simple_playback              0x000207e9   Thumb Code   128  nrf_drv_pwm.o(i.nrf_drv_pwm_simple_playback)
    nrf_drv_pwm_stop                         0x0002086d   Thumb Code    48  nrf_drv_pwm.o(i.nrf_drv_pwm_stop)
    nrf_drv_uart_init                        0x0002089d   Thumb Code   202  nrf_drv_uart.o(i.nrf_drv_uart_init)
    nrf_drv_uart_rx                          0x00020981   Thumb Code   168  nrf_drv_uart.o(i.nrf_drv_uart_rx)
    nrf_drv_uart_rx_enable                   0x00020a31   Thumb Code    26  nrf_drv_uart.o(i.nrf_drv_uart_rx_enable)
    nrf_drv_uart_tx                          0x00020bb9   Thumb Code    66  nrf_drv_uart.o(i.nrf_drv_uart_tx)
    nrf_drv_uart_tx_in_progress              0x00020cfd   Thumb Code    14  nrf_drv_uart.o(i.nrf_drv_uart_tx_in_progress)
    pstorage_access_status_get               0x00021361   Thumb Code    36  pstorage.o(i.pstorage_access_status_get)
    sd_check_ram_start                       0x0002169d   Thumb Code    22  softdevice_handler.o(i.sd_check_ram_start)
    softdevice_ble_evt_handler_set           0x00021aa5   Thumb Code    20  softdevice_handler.o(i.softdevice_ble_evt_handler_set)
    softdevice_enable                        0x00021abd   Thumb Code    24  softdevice_handler.o(i.softdevice_enable)
    softdevice_enable_get_default_config     0x00021ad9   Thumb Code    44  softdevice_handler.o(i.softdevice_enable_get_default_config)
    softdevice_fault_handler                 0x00021b05   Thumb Code    20  softdevice_handler.o(i.softdevice_fault_handler)
    softdevice_handler_init                  0x00021b19   Thumb Code    80  softdevice_handler.o(i.softdevice_handler_init)
    uart_event_handle                        0x00022061   Thumb Code   136  main.o(i.uart_event_handle)
    octave                                   0x000279d0   Data          68  main.o(.constdata)
    starwars                                 0x00027a14   Data         292  main.o(.constdata)
    m_LED_channel_seq                        0x00027b38   Data          16  main.o(.constdata)
    sinTable_f32                             0x0002cf38   Data        2052  arm_common_tables.o(.constdata)
    Region$$Table$$Base                      0x0002d73c   Number         0  anon$$obj.o(Region$$Table)
    Region$$Table$$Limit                     0x0002d75c   Number         0  anon$$obj.o(Region$$Table)
    Image$$RW_IRAM1$$Base                    0x20002080   Number         0  anon$$obj.o ABSOLUTE
    __stdout                                 0x20002144   Data           4  retarget.o(.data)
    __stdin                                  0x20002148   Data           4  retarget.o(.data)
    i2s_ws2812b_drive_m_blocks_transferred   0x20002164   Data           1  i2s_ws2812b_drive.o(.data)
    i2s_ws2812b_drive_flag_first_buffer      0x20002165   Data           1  i2s_ws2812b_drive.o(.data)
    i2s_ws2812b_drive_tx_led_array           0x20002168   Data           4  i2s_ws2812b_drive.o(.data)
    SystemCoreClock                          0x2000217c   Data           4  system_nrf52.o(.data)
    __microlib_freelist                      0x20002180   Data           4  mvars.o(.data)
    __microlib_freelist_initialised          0x20002184   Data           4  mvars.o(.data)
    led_array                                0x200021a4   Data           9  main.o(.bss)
    nrf_nvic_state                           0x20002974   Data          12  softdevice_handler.o(.bss)
    __heap_base                              0x20003290   Data           0  arm_startup_nrf52.o(HEAP)
    __heap_limit                             0x20005290   Data           0  arm_startup_nrf52.o(HEAP)
    __initial_sp                             0x20007290   Data           0  arm_startup_nrf52.o(STACK)



==============================================================================

Memory Map of the image

  Image Entry point : 0x0001c201

  Load Region LR_IROM1 (Base: 0x0001c000, Size: 0x00011864, Max: 0x00064000, ABSOLUTE)

    Execution Region ER_IROM1 (Base: 0x0001c000, Size: 0x0001175c, Max: 0x00064000, ABSOLUTE)

    Base Addr    Size         Type   Attr      Idx    E Section Name        Object

    0x0001c000   0x00000200   Data   RO         4406    RESET               arm_startup_nrf52.o
    0x0001c200   0x00000000   Code   RO         4642  * .ARM.Collect$$$$00000000  mc_w.l(entry.o)
    0x0001c200   0x00000004   Code   RO         4946    .ARM.Collect$$$$00000001  mc_w.l(entry2.o)
    0x0001c204   0x00000004   Code   RO         4949    .ARM.Collect$$$$00000004  mc_w.l(entry5.o)
    0x0001c208   0x00000000   Code   RO         4951    .ARM.Collect$$$$00000008  mc_w.l(entry7b.o)
    0x0001c208   0x00000000   Code   RO         4953    .ARM.Collect$$$$0000000A  mc_w.l(entry8b.o)
    0x0001c208   0x00000008   Code   RO         4954    .ARM.Collect$$$$0000000B  mc_w.l(entry9a.o)
    0x0001c210   0x00000000   Code   RO         4956    .ARM.Collect$$$$0000000D  mc_w.l(entry10a.o)
    0x0001c210   0x00000000   Code   RO         4958    .ARM.Collect$$$$0000000F  mc_w.l(entry11a.o)
    0x0001c210   0x00000004   Code   RO         4947    .ARM.Collect$$$$00002712  mc_w.l(entry2.o)
    0x0001c214   0x00000076   Code   RO         1306    .emb_text           nrf_delay.o
    0x0001c28a   0x00000002   PAD
    0x0001c28c   0x00000076   Code   RO         3085    .emb_text           app_timer.o
    0x0001c302   0x00000002   PAD
    0x0001c304   0x00000076   Code   RO         4221    .emb_text           i2s_ws2812b_drive.o
    0x0001c37a   0x00000002   PAD
    0x0001c37c   0x00000024   Code   RO         4407    .text               arm_startup_nrf52.o
    0x0001c3a0   0x00000084   Code   RO         4507    .text               arm_cortexM4lf_math.lib(arm_sin_f32.o)
    0x0001c424   0x00000024   Code   RO         4648    .text               mc_w.l(memcpya.o)
    0x0001c448   0x00000024   Code   RO         4650    .text               mc_w.l(memseta.o)
    0x0001c46c   0x0000002c   Code   RO         4960    .text               mc_w.l(uidiv.o)
    0x0001c498   0x00000062   Code   RO         4962    .text               mc_w.l(uldiv.o)
    0x0001c4fa   0x00000000   Code   RO         4966    .text               mc_w.l(iusefp.o)
    0x0001c4fa   0x0000014e   Code   RO         4967    .text               mf_w.l(dadd.o)
    0x0001c648   0x000000e4   Code   RO         4969    .text               mf_w.l(dmul.o)
    0x0001c72c   0x000000de   Code   RO         4971    .text               mf_w.l(ddiv.o)
    0x0001c80a   0x00000030   Code   RO         4973    .text               mf_w.l(dfixul.o)
    0x0001c83a   0x00000002   PAD
    0x0001c83c   0x00000030   Code   RO         4975    .text               mf_w.l(cdrcmple.o)
    0x0001c86c   0x00000024   Code   RO         4977    .text               mc_w.l(init.o)
    0x0001c890   0x0000001e   Code   RO         4979    .text               mc_w.l(llshl.o)
    0x0001c8ae   0x00000020   Code   RO         4981    .text               mc_w.l(llushr.o)
    0x0001c8ce   0x00000024   Code   RO         4983    .text               mc_w.l(llsshr.o)
    0x0001c8f2   0x000000ba   Code   RO         4985    .text               mf_w.l(depilogue.o)
    0x0001c9ac   0x000001b8   Code   RO         1376    i.GPIOTE_IRQHandler  nrf_drv_gpiote.o
    0x0001cb64   0x00000160   Code   RO         2235    i.I2S_IRQHandler    nrf_drv_i2s.o
    0x0001ccc4   0x00000018   Code   RO         3086    i.NVIC_ClearPendingIRQ  app_timer.o
    0x0001ccdc   0x00000016   Code   RO         3087    i.NVIC_EnableIRQ    app_timer.o
    0x0001ccf2   0x00000002   PAD
    0x0001ccf4   0x00000018   Code   RO         3088    i.NVIC_SetPendingIRQ  app_timer.o
    0x0001cd0c   0x00000028   Code   RO         3089    i.NVIC_SetPriority  app_timer.o
    0x0001cd34   0x00000014   Code   RO         2359    i.PWM0_IRQHandler   nrf_drv_pwm.o
    0x0001cd48   0x00000014   Code   RO         2360    i.PWM1_IRQHandler   nrf_drv_pwm.o
    0x0001cd5c   0x00000034   Code   RO         3090    i.RTC1_IRQHandler   app_timer.o
    0x0001cd90   0x00000008   Code   RO         3091    i.SWI0_EGU0_IRQHandler  app_timer.o
    0x0001cd98   0x00000030   Code   RO         4114    i.SWI2_EGU2_IRQHandler  softdevice_handler.o
    0x0001cdc8   0x00000010   Code   RO         4414    i.SystemCoreClockUpdate  system_nrf52.o
    0x0001cdd8   0x00000284   Code   RO         4415    i.SystemInit        system_nrf52.o
    0x0001d05c   0x00000018   Code   RO         2666    i.TIMER1_IRQHandler  nrf_drv_timer.o
    0x0001d074   0x00000018   Code   RO         1615    i.UARTE0_UART0_IRQHandler  nrf_drv_uart.o
    0x0001d08c   0x00000020   Code   RO         4891    i.__0printf         mc_w.l(printfa.o)
    0x0001d0ac   0x0000000e   Code   RO         4989    i.__scatterload_copy  mc_w.l(handlers.o)
    0x0001d0ba   0x00000002   Code   RO         4990    i.__scatterload_null  mc_w.l(handlers.o)
    0x0001d0bc   0x0000000e   Code   RO         4991    i.__scatterload_zeroinit  mc_w.l(handlers.o)
    0x0001d0ca   0x00000002   PAD
    0x0001d0cc   0x00000164   Code   RO         4898    i._fp_digits        mc_w.l(printfa.o)
    0x0001d230   0x000006dc   Code   RO         4899    i._printf_core      mc_w.l(printfa.o)
    0x0001d90c   0x00000024   Code   RO         4900    i._printf_post_padding  mc_w.l(printfa.o)
    0x0001d930   0x0000002e   Code   RO         4901    i._printf_pre_padding  mc_w.l(printfa.o)
    0x0001d95e   0x000001c6   Code   RO          775    i.adv_data_encode   ble_advdata.o
    0x0001db24   0x00000012   Code   RO          776    i.advdata_check     ble_advdata.o
    0x0001db36   0x00000054   Code   RO          698    i.advertising_buttons_configure  bsp_btn_ble.o
    0x0001db8a   0x00000002   PAD
    0x0001db8c   0x00000078   Code   RO            5    i.advertising_init  main.o
    0x0001dc04   0x00000044   Code   RO         3503    i.app_error_fault_handler  app_error_weak.o
    0x0001dc48   0x0000001c   Code   RO         3464    i.app_error_handler_bare  app_error.o
    0x0001dc64   0x0000001e   Code   RO         3006    i.app_fifo_get      app_fifo.o
    0x0001dc82   0x00000024   Code   RO         3007    i.app_fifo_init     app_fifo.o
    0x0001dca6   0x00000022   Code   RO         3009    i.app_fifo_put      app_fifo.o
    0x0001dcc8   0x0000003c   Code   RO         3094    i.app_timer_create  app_timer.o
    0x0001dd04   0x000000b8   Code   RO         3095    i.app_timer_init    app_timer.o
    0x0001ddbc   0x00000058   Code   RO         3096    i.app_timer_start   app_timer.o
    0x0001de14   0x00000034   Code   RO         3097    i.app_timer_stop    app_timer.o
    0x0001de48   0x00000038   Code   RO         1222    i.app_uart_get      app_uart_fifo.o
    0x0001de80   0x000000cc   Code   RO         1223    i.app_uart_init     app_uart_fifo.o
    0x0001df4c   0x00000038   Code   RO         1224    i.app_uart_put      app_uart_fifo.o
    0x0001df84   0x00000052   Code   RO          777    i.appearance_encode  ble_advdata.o
    0x0001dfd6   0x00000002   PAD
    0x0001dfd8   0x000000bc   Code   RO         1616    i.apply_config      nrf_drv_uart.o
    0x0001e094   0x00000094   Code   RO          778    i.ble_advdata_set   ble_advdata.o
    0x0001e128   0x0000017c   Code   RO          909    i.ble_advertising_init  ble_advertising.o
    0x0001e2a4   0x000000f8   Code   RO          910    i.ble_advertising_on_ble_evt  ble_advertising.o
    0x0001e39c   0x00000010   Code   RO          913    i.ble_advertising_peer_address_clear  ble_advertising.o
    0x0001e3ac   0x00000288   Code   RO          915    i.ble_advertising_start  ble_advertising.o
    0x0001e634   0x00000070   Code   RO         1011    i.ble_conn_params_init  ble_conn_params.o
    0x0001e6a4   0x0000003e   Code   RO         1012    i.ble_conn_params_on_ble_evt  ble_conn_params.o
    0x0001e6e2   0x00000074   Code   RO          779    i.ble_device_addr_encode  ble_advdata.o
    0x0001e756   0x00000002   PAD
    0x0001e758   0x0000002c   Code   RO            7    i.ble_evt_dispatch  main.o
    0x0001e784   0x00000094   Code   RO         1108    i.ble_nus_init      ble_nus.o
    0x0001e818   0x00000042   Code   RO         1109    i.ble_nus_on_ble_evt  ble_nus.o
    0x0001e85a   0x00000056   Code   RO         1110    i.ble_nus_string_send  ble_nus.o
    0x0001e8b0   0x000000b4   Code   RO            8    i.ble_stack_init    main.o
    0x0001e964   0x00000078   Code   RO          700    i.bsp_btn_ble_on_ble_evt  bsp_btn_ble.o
    0x0001e9dc   0x0000001c   Code   RO          701    i.bsp_btn_ble_sleep_mode_prepare  bsp_btn_ble.o
    0x0001e9f8   0x000000dc   Code   RO          595    i.bsp_button_event_handler  bsp.o
    0x0001ead4   0x0000005c   Code   RO          600    i.bsp_event_to_button_action_assign  bsp.o
    0x0001eb30   0x00000020   Code   RO          601    i.bsp_indication_set  bsp.o
    0x0001eb50   0x0000059c   Code   RO          604    i.bsp_led_indication  bsp.o
    0x0001f0ec   0x00000050   Code   RO          605    i.bsp_wakeup_buttons_set  bsp.o
    0x0001f13c   0x00000010   Code   RO         1378    i.channel_handler_get  nrf_drv_gpiote.o
    0x0001f14c   0x0000000c   Code   RO         1380    i.channel_port_get  nrf_drv_gpiote.o
    0x0001f158   0x00000090   Code   RO         3099    i.compare_reg_update  app_timer.o
    0x0001f1e8   0x00000090   Code   RO         2236    i.configure_pins    nrf_drv_i2s.o
    0x0001f278   0x000000ac   Code   RO         2361    i.configure_pins    nrf_drv_pwm.o
    0x0001f324   0x0000005a   Code   RO          780    i.conn_int_check    ble_advdata.o
    0x0001f37e   0x00000068   Code   RO          781    i.conn_int_encode   ble_advdata.o
    0x0001f3e6   0x00000010   Code   RO           10    i.conn_params_error_handler  main.o
    0x0001f3f6   0x00000002   PAD
    0x0001f3f8   0x0000005c   Code   RO           11    i.conn_params_init  main.o
    0x0001f454   0x00000084   Code   RO         1014    i.conn_params_negotiation  ble_conn_params.o
    0x0001f4d8   0x00000054   Code   RO          702    i.connection_buttons_configure  bsp_btn_ble.o
    0x0001f52c   0x0000002c   Code   RO           12    i.drv_speaker_evt_handler  main.o
    0x0001f558   0x00000064   Code   RO         4315    i.drv_speaker_init  drv_speaker.o
    0x0001f5bc   0x00000134   Code   RO         4317    i.drv_speaker_tone_start  drv_speaker.o
    0x0001f6f0   0x00000064   Code   RO         3100    i.elapsed_ticks_acquire  app_timer.o
    0x0001f754   0x00000054   Code   RO         4416    i.errata_108        system_nrf52.o
    0x0001f7a8   0x00000054   Code   RO         4417    i.errata_12         system_nrf52.o
    0x0001f7fc   0x00000054   Code   RO         4418    i.errata_136        system_nrf52.o
    0x0001f850   0x00000030   Code   RO         4419    i.errata_16         system_nrf52.o
    0x0001f880   0x00000054   Code   RO         4420    i.errata_31         system_nrf52.o
    0x0001f8d4   0x00000030   Code   RO         4421    i.errata_32         system_nrf52.o
    0x0001f904   0x00000054   Code   RO         4422    i.errata_36         system_nrf52.o
    0x0001f958   0x00000030   Code   RO         4423    i.errata_37         system_nrf52.o
    0x0001f988   0x00000030   Code   RO         4424    i.errata_57         system_nrf52.o
    0x0001f9b8   0x00000030   Code   RO         4425    i.errata_66         system_nrf52.o
    0x0001f9e8   0x00000058   Code   RO         3101    i.expired_timers_handler  app_timer.o
    0x0001fa40   0x00000018   Code   RO         3012    i.fifo_get          app_fifo.o
    0x0001fa58   0x0000000a   Code   RO         1225    i.fifo_length       app_uart_fifo.o
    0x0001fa62   0x0000000a   Code   RO         3013    i.fifo_length       app_fifo.o
    0x0001fa6c   0x00000012   Code   RO         3014    i.fifo_peek         app_fifo.o
    0x0001fa7e   0x00000012   Code   RO         3015    i.fifo_put          app_fifo.o
    0x0001fa90   0x00000036   Code   RO          782    i.flags_encode      ble_advdata.o
    0x0001fac6   0x00000036   Code   RO          917    i.flash_access_in_progress  ble_advertising.o
    0x0001fafc   0x00000010   Code   RO         3427    i.fputc             retarget.o
    0x0001fb0c   0x00000050   Code   RO         4918    i.free              mc_w.l(malloc.o)
    0x0001fb5c   0x00000018   Code   RO         3318    i.fs_queued_op_count_get  fstorage.o
    0x0001fb74   0x00000080   Code   RO           13    i.gap_params_init   main.o
    0x0001fbf4   0x00000044   Code   RO         4222    i.i2s_ws2812b_drive_handler  i2s_ws2812b_drive.o
    0x0001fc38   0x00000092   Code   RO         4223    i.i2s_ws2812b_drive_set_buff  i2s_ws2812b_drive.o
    0x0001fcca   0x00000002   PAD
    0x0001fccc   0x00000120   Code   RO         4224    i.i2s_ws2812b_drive_xfer  i2s_ws2812b_drive.o
    0x0001fdec   0x000000a4   Code   RO         4115    i.intern_softdevice_events_execute  softdevice_handler.o
    0x0001fe90   0x0000009a   Code   RO         2362    i.irq_handler       nrf_drv_pwm.o
    0x0001ff2a   0x0000005c   Code   RO         2667    i.irq_handler       nrf_drv_timer.o
    0x0001ff86   0x00000002   PAD
    0x0001ff88   0x00000024   Code   RO         1015    i.is_conn_params_ok  ble_conn_params.o
    0x0001ffac   0x0000006a   Code   RO          783    i.le_role_encode    ble_advdata.o
    0x00020016   0x00000002   PAD
    0x00020018   0x00000098   Code   RO         3102    i.list_deletions_handler  app_timer.o
    0x000200b0   0x0000010c   Code   RO         3103    i.list_insertions_handler  app_timer.o
    0x000201bc   0x000000ec   Code   RO           14    i.main              main.o
    0x000202a8   0x0000006c   Code   RO         4919    i.malloc            mc_w.l(malloc.o)
    0x00020314   0x00000076   Code   RO          784    i.manuf_specific_data_encode  ble_advdata.o
    0x0002038a   0x000000c2   Code   RO          785    i.name_encode       ble_advdata.o
    0x0002044c   0x0000001a   Code   RO         1307    i.nrf_delay_ms      nrf_delay.o
    0x00020466   0x00000002   PAD
    0x00020468   0x00000060   Code   RO         1338    i.nrf_drv_common_irq_enable  nrf_drv_common.o
    0x000204c8   0x0000000a   Code   RO         2363    i.nrf_drv_get_IRQn  nrf_drv_pwm.o
    0x000204d2   0x00000002   PAD
    0x000204d4   0x00000060   Code   RO         2237    i.nrf_drv_i2s_init  nrf_drv_i2s.o
    0x00020534   0x0000014c   Code   RO         2238    i.nrf_drv_i2s_start  nrf_drv_i2s.o
    0x00020680   0x00000034   Code   RO         2239    i.nrf_drv_i2s_stop  nrf_drv_i2s.o
    0x000206b4   0x00000030   Code   RO         2240    i.nrf_drv_i2s_uninit  nrf_drv_i2s.o
    0x000206e4   0x00000014   Code   RO         2241    i.nrf_drv_is_in_RAM  nrf_drv_i2s.o
    0x000206f8   0x000000c0   Code   RO         2365    i.nrf_drv_pwm_init  nrf_drv_pwm.o
    0x000207b8   0x00000030   Code   RO         2366    i.nrf_drv_pwm_is_stopped  nrf_drv_pwm.o
    0x000207e8   0x00000084   Code   RO         2367    i.nrf_drv_pwm_simple_playback  nrf_drv_pwm.o
    0x0002086c   0x00000030   Code   RO         2368    i.nrf_drv_pwm_stop  nrf_drv_pwm.o
    0x0002089c   0x000000e4   Code   RO         1618    i.nrf_drv_uart_init  nrf_drv_uart.o
    0x00020980   0x000000b0   Code   RO         1619    i.nrf_drv_uart_rx   nrf_drv_uart.o
    0x00020a30   0x00000020   Code   RO         1622    i.nrf_drv_uart_rx_enable  nrf_drv_uart.o
    0x00020a50   0x000000b4   Code   RO         1623    i.nrf_drv_uart_rx_for_uart  nrf_drv_uart.o
    0x00020b04   0x000000b4   Code   RO         1624    i.nrf_drv_uart_rx_for_uarte  nrf_drv_uart.o
    0x00020bb8   0x00000048   Code   RO         1625    i.nrf_drv_uart_tx   nrf_drv_uart.o
    0x00020c00   0x0000008c   Code   RO         1627    i.nrf_drv_uart_tx_for_uart  nrf_drv_uart.o
    0x00020c8c   0x00000070   Code   RO         1628    i.nrf_drv_uart_tx_for_uarte  nrf_drv_uart.o
    0x00020cfc   0x00000014   Code   RO         1629    i.nrf_drv_uart_tx_in_progress  nrf_drv_uart.o
    0x00020d10   0x00000024   Code   RO         1631    i.nrf_gpio_cfg      nrf_drv_uart.o
    0x00020d34   0x00000024   Code   RO         2242    i.nrf_gpio_cfg      nrf_drv_i2s.o
    0x00020d58   0x0000001a   Code   RO         1633    i.nrf_gpio_cfg_input  nrf_drv_uart.o
    0x00020d72   0x0000001a   Code   RO         2243    i.nrf_gpio_cfg_input  nrf_drv_i2s.o
    0x00020d8c   0x00000018   Code   RO         1634    i.nrf_gpio_cfg_output  nrf_drv_uart.o
    0x00020da4   0x00000018   Code   RO         2244    i.nrf_gpio_cfg_output  nrf_drv_i2s.o
    0x00020dbc   0x00000024   Code   RO         1402    i.nrf_gpio_cfg_sense_set  nrf_drv_gpiote.o
    0x00020de0   0x00000010   Code   RO         1635    i.nrf_gpio_pin_set  nrf_drv_uart.o
    0x00020df0   0x0000000c   Code   RO         1405    i.nrf_gpiote_event_addr_get  nrf_drv_gpiote.o
    0x00020dfc   0x0000001c   Code   RO         1406    i.nrf_gpiote_event_clear  nrf_drv_gpiote.o
    0x00020e18   0x00000016   Code   RO         1407    i.nrf_gpiote_event_is_set  nrf_drv_gpiote.o
    0x00020e2e   0x0000006c   Code   RO         2245    i.nrf_i2s_configure  nrf_drv_i2s.o
    0x00020e9a   0x0000000e   Code   RO         2246    i.nrf_i2s_event_check  nrf_drv_i2s.o
    0x00020ea8   0x00000006   Code   RO         2247    i.nrf_i2s_event_clear  nrf_drv_i2s.o
    0x00020eae   0x00000006   Code   RO         2248    i.nrf_i2s_rx_buffer_set  nrf_drv_i2s.o
    0x00020eb4   0x00000006   Code   RO         2249    i.nrf_i2s_task_trigger  nrf_drv_i2s.o
    0x00020eba   0x00000006   Code   RO         2250    i.nrf_i2s_tx_buffer_set  nrf_drv_i2s.o
    0x00020ec0   0x0000000e   Code   RO         2370    i.nrf_pwm_event_check  nrf_drv_pwm.o
    0x00020ece   0x00000006   Code   RO         2371    i.nrf_pwm_event_clear  nrf_drv_pwm.o
    0x00020ed4   0x00000012   Code   RO         2372    i.nrf_pwm_int_enable_check  nrf_drv_pwm.o
    0x00020ee6   0x00000006   Code   RO         2373    i.nrf_pwm_int_set   nrf_drv_pwm.o
    0x00020eec   0x00000006   Code   RO         2374    i.nrf_pwm_loop_set  nrf_drv_pwm.o
    0x00020ef2   0x0000003c   Code   RO         2375    i.nrf_pwm_sequence_set  nrf_drv_pwm.o
    0x00020f2e   0x00000006   Code   RO         2376    i.nrf_pwm_shorts_set  nrf_drv_pwm.o
    0x00020f34   0x00000006   Code   RO         2377    i.nrf_pwm_task_trigger  nrf_drv_pwm.o
    0x00020f3a   0x0000000e   Code   RO         2682    i.nrf_timer_compare_event_get  nrf_drv_timer.o
    0x00020f48   0x0000000a   Code   RO         2683    i.nrf_timer_compare_int_get  nrf_drv_timer.o
    0x00020f52   0x00000006   Code   RO         2684    i.nrf_timer_event_clear  nrf_drv_timer.o
    0x00020f58   0x0000000c   Code   RO         1636    i.nrf_uart_errorsrc_get_and_clear  nrf_drv_uart.o
    0x00020f64   0x0000000e   Code   RO         1637    i.nrf_uart_event_check  nrf_drv_uart.o
    0x00020f72   0x00000006   Code   RO         1638    i.nrf_uart_event_clear  nrf_drv_uart.o
    0x00020f78   0x0000000a   Code   RO         1639    i.nrf_uart_hwfc_pins_set  nrf_drv_uart.o
    0x00020f82   0x00000006   Code   RO         1640    i.nrf_uart_int_disable  nrf_drv_uart.o
    0x00020f88   0x00000006   Code   RO         1641    i.nrf_uart_int_enable  nrf_drv_uart.o
    0x00020f8e   0x00000012   Code   RO         1642    i.nrf_uart_int_enable_check  nrf_drv_uart.o
    0x00020fa0   0x00000006   Code   RO         1643    i.nrf_uart_task_trigger  nrf_drv_uart.o
    0x00020fa6   0x0000000a   Code   RO         1644    i.nrf_uart_txrx_pins_set  nrf_drv_uart.o
    0x00020fb0   0x0000000c   Code   RO         1645    i.nrf_uarte_errorsrc_get_and_clear  nrf_drv_uart.o
    0x00020fbc   0x0000000e   Code   RO         1646    i.nrf_uarte_event_check  nrf_drv_uart.o
    0x00020fca   0x00000006   Code   RO         1647    i.nrf_uarte_event_clear  nrf_drv_uart.o
    0x00020fd0   0x0000000c   Code   RO         1648    i.nrf_uarte_hwfc_pins_set  nrf_drv_uart.o
    0x00020fdc   0x00000006   Code   RO         1649    i.nrf_uarte_int_disable  nrf_drv_uart.o
    0x00020fe2   0x00000006   Code   RO         1650    i.nrf_uarte_int_enable  nrf_drv_uart.o
    0x00020fe8   0x0000000a   Code   RO         1651    i.nrf_uarte_rx_amount_get  nrf_drv_uart.o
    0x00020ff2   0x00000006   Code   RO         1652    i.nrf_uarte_task_trigger  nrf_drv_uart.o
    0x00020ff8   0x0000000e   Code   RO         1653    i.nrf_uarte_txrx_pins_set  nrf_drv_uart.o
    0x00021006   0x00000002   PAD
    0x00021008   0x000000ec   Code   RO           15    i.nus_data_handler  main.o
    0x000210f4   0x00000032   Code   RO           16    i.on_adv_evt        main.o
    0x00021126   0x00000002   PAD
    0x00021128   0x000000ac   Code   RO           17    i.on_ble_evt        main.o
    0x000211d4   0x0000002c   Code   RO           18    i.on_conn_params_evt  main.o
    0x00021200   0x00000018   Code   RO         1016    i.on_conn_params_update  ble_conn_params.o
    0x00021218   0x00000038   Code   RO         1017    i.on_connect        ble_conn_params.o
    0x00021250   0x00000006   Code   RO         1111    i.on_connect        ble_nus.o
    0x00021256   0x00000002   PAD
    0x00021258   0x00000040   Code   RO         1018    i.on_disconnect     ble_conn_params.o
    0x00021298   0x00000008   Code   RO         1112    i.on_disconnect     ble_nus.o
    0x000212a0   0x00000058   Code   RO         1019    i.on_write          ble_conn_params.o
    0x000212f8   0x00000050   Code   RO         1113    i.on_write          ble_nus.o
    0x00021348   0x00000018   Code   RO          918    i.peer_address_exists  ble_advertising.o
    0x00021360   0x0000002c   Code   RO         1925    i.pstorage_access_status_get  pstorage.o
    0x0002138c   0x00000040   Code   RO         4318    i.pwm_handler       drv_speaker.o
    0x000213cc   0x0000003c   Code   RO         4319    i.ramp_down         drv_speaker.o
    0x00021408   0x0000000c   Code   RO         3104    i.rtc1_compare0_set  app_timer.o
    0x00021414   0x0000000c   Code   RO         3105    i.rtc1_counter_get  app_timer.o
    0x00021420   0x00000018   Code   RO         3106    i.rtc1_init         app_timer.o
    0x00021438   0x0000003c   Code   RO         3107    i.rtc1_start        app_timer.o
    0x00021474   0x00000058   Code   RO         3108    i.rtc1_stop         app_timer.o
    0x000214cc   0x00000050   Code   RO         1655    i.rx_byte           nrf_drv_uart.o
    0x0002151c   0x00000136   Code   RO         1114    i.rx_char_add       ble_nus.o
    0x00021652   0x00000002   PAD
    0x00021654   0x00000024   Code   RO         1656    i.rx_done_event     nrf_drv_uart.o
    0x00021678   0x00000024   Code   RO         1657    i.rx_enable         nrf_drv_uart.o
    0x0002169c   0x0000001c   Code   RO         4116    i.sd_check_ram_start  softdevice_handler.o
    0x000216b8   0x000000d0   Code   RO         4117    i.sd_nvic_EnableIRQ  softdevice_handler.o
    0x00021788   0x00000036   Code   RO          786    i.sec_mgr_oob_flags_encode  ble_advdata.o
    0x000217be   0x00000002   PAD
    0x000217c0   0x000000e4   Code   RO         4320    i.seq0_buffer_update  drv_speaker.o
    0x000218a4   0x000000ec   Code   RO         4321    i.seq1_buffer_update  drv_speaker.o
    0x00021990   0x00000096   Code   RO          787    i.service_data_encode  ble_advdata.o
    0x00021a26   0x00000002   PAD
    0x00021a28   0x00000030   Code   RO           22    i.services_init     main.o
    0x00021a58   0x0000004c   Code   RO           23    i.sleep_mode_enter  main.o
    0x00021aa4   0x00000018   Code   RO         4118    i.softdevice_ble_evt_handler_set  softdevice_handler.o
    0x00021abc   0x0000001c   Code   RO         4119    i.softdevice_enable  softdevice_handler.o
    0x00021ad8   0x0000002c   Code   RO         4120    i.softdevice_enable_get_default_config  softdevice_handler.o
    0x00021b04   0x00000014   Code   RO         4121    i.softdevice_fault_handler  softdevice_handler.o
    0x00021b18   0x00000064   Code   RO         4122    i.softdevice_handler_init  softdevice_handler.o
    0x00021b7c   0x0000000e   Code   RO          788    i.srdata_check      ble_advdata.o
    0x00021b8a   0x00000054   Code   RO         2378    i.start_playback    nrf_drv_pwm.o
    0x00021bde   0x0000000a   Code   RO         3109    i.ticks_diff_get    app_timer.o
    0x00021be8   0x00000038   Code   RO         3110    i.timeout_handler_exec  app_timer.o
    0x00021c20   0x00000054   Code   RO         3111    i.timer_list_handler  app_timer.o
    0x00021c74   0x0000000a   Code   RO         3112    i.timer_list_handler_sched  app_timer.o
    0x00021c7e   0x00000002   PAD
    0x00021c80   0x00000068   Code   RO         3113    i.timer_list_insert  app_timer.o
    0x00021ce8   0x0000006c   Code   RO         3114    i.timer_list_remove  app_timer.o
    0x00021d54   0x0000005c   Code   RO         3115    i.timer_start_op_schedule  app_timer.o
    0x00021db0   0x00000040   Code   RO         3117    i.timer_stop_op_schedule  app_timer.o
    0x00021df0   0x00000098   Code   RO         3118    i.timer_timeouts_check  app_timer.o
    0x00021e88   0x0000000a   Code   RO         3119    i.timer_timeouts_check_sched  app_timer.o
    0x00021e92   0x00000046   Code   RO          789    i.tk_value_encode   ble_advdata.o
    0x00021ed8   0x00000038   Code   RO         1658    i.tx_byte           nrf_drv_uart.o
    0x00021f10   0x000000ec   Code   RO         1115    i.tx_char_add       ble_nus.o
    0x00021ffc   0x0000002c   Code   RO         1659    i.tx_done_event     nrf_drv_uart.o
    0x00022028   0x00000036   Code   RO          790    i.tx_power_level_encode  ble_advdata.o
    0x0002205e   0x00000002   PAD
    0x00022060   0x00000094   Code   RO           24    i.uart_event_handle  main.o
    0x000220f4   0x000000c0   Code   RO         1226    i.uart_event_handler  app_uart_fifo.o
    0x000221b4   0x00000058   Code   RO           25    i.uart_init         main.o
    0x0002220c   0x00000160   Code   RO         1660    i.uart_irq_handler  nrf_drv_uart.o
    0x0002236c   0x0000012c   Code   RO         1661    i.uarte_irq_handler  nrf_drv_uart.o
    0x00022498   0x0000000c   Code   RO          791    i.uint16_encode     ble_advdata.o
    0x000224a4   0x00000090   Code   RO         1020    i.update_timeout_handler  ble_conn_params.o
    0x00022534   0x00000058   Code   RO         3120    i.user_id_get       app_timer.o
    0x0002258c   0x00000030   Code   RO         3121    i.user_op_alloc     app_timer.o
    0x000225bc   0x00000004   Code   RO         3122    i.user_op_enque     app_timer.o
    0x000225c0   0x0000004e   Code   RO          792    i.uuid_list_encode  ble_advdata.o
    0x0002260e   0x000000dc   Code   RO          793    i.uuid_list_sized_encode  ble_advdata.o
    0x000226ea   0x00000012   Code   RO          919    i.whitelist_has_entries  ble_advertising.o
    0x000226fc   0x00005468   Data   RO           28    .constdata          main.o
    0x00027b64   0x0000003c   Data   RO          609    .constdata          bsp.o
    0x00027ba0   0x00000004   Data   RO         1022    .constdata          ble_conn_params.o
    0x00027ba4   0x00000010   Data   RO         1116    .constdata          ble_nus.o
    0x00027bb4   0x00000020   Data   RO         1228    .constdata          app_uart_fifo.o
    0x00027bd4   0x00000020   Data   RO         1663    .constdata          nrf_drv_uart.o
    0x00027bf4   0x00000014   Data   RO         2252    .constdata          nrf_drv_i2s.o
    0x00027c08   0x00000018   Data   RO         2380    .constdata          nrf_drv_pwm.o
    0x00027c20   0x00000014   Data   RO         4225    .constdata          i2s_ws2812b_drive.o
    0x00027c34   0x00005304   Data   RO         4323    .constdata          drv_speaker.o
    0x0002cf38   0x00000804   Data   RO         4619    .constdata          arm_cortexM4lf_math.lib(arm_common_tables.o)
    0x0002d73c   0x00000020   Data   RO         4987    Region$$Table       anon$$obj.o


    Execution Region RW_IRAM1 (Base: 0x20002080, Size: 0x00005210, Max: 0x0000df80, ABSOLUTE)

    Base Addr    Size         Type   Attr      Idx    E Section Name        Object

    0x20002080   0x00000013   Data   RW           29    .data               main.o
    0x20002093   0x00000001   PAD
    0x20002094   0x00000019   Data   RW          610    .data               bsp.o
    0x200020ad   0x00000003   PAD
    0x200020b0   0x00000008   Data   RW          704    .data               bsp_btn_ble.o
    0x200020b8   0x00000020   Data   RW          921    .data               ble_advertising.o
    0x200020d8   0x00000015   Data   RW         1023    .data               ble_conn_params.o
    0x200020ed   0x00000003   PAD
    0x200020f0   0x00000006   Data   RW         1229    .data               app_uart_fifo.o
    0x200020f6   0x00000002   PAD
    0x200020f8   0x00000028   Data   RW         1961    .data               pstorage.o
    0x20002120   0x00000022   Data   RW         3123    .data               app_timer.o
    0x20002142   0x00000002   PAD
    0x20002144   0x00000008   Data   RW         3428    .data               retarget.o
    0x2000214c   0x00000018   Data   RW         4127    .data               softdevice_handler.o
    0x20002164   0x00000008   Data   RW         4226    .data               i2s_ws2812b_drive.o
    0x2000216c   0x00000010   Data   RW         4324    .data               drv_speaker.o
    0x2000217c   0x00000004   Data   RW         4426    .data               system_nrf52.o
    0x20002180   0x00000004   Data   RW         4964    .data               mc_w.l(mvars.o)
    0x20002184   0x00000004   Data   RW         4965    .data               mc_w.l(mvars.o)
    0x20002188   0x0000044c   Zero   RW           27    .bss                main.o
    0x200025d4   0x0000006c   Zero   RW          608    .bss                bsp.o
    0x20002640   0x00000103   Zero   RW          920    .bss                ble_advertising.o
    0x20002743   0x00000001   PAD
    0x20002744   0x0000003c   Zero   RW         1021    .bss                ble_conn_params.o
    0x20002780   0x00000020   Zero   RW         1227    .bss                app_uart_fifo.o
    0x200027a0   0x00000058   Zero   RW         1414    .bss                nrf_drv_gpiote.o
    0x200027f8   0x00000020   Zero   RW         1662    .bss                nrf_drv_uart.o
    0x20002818   0x000000d8   Zero   RW         1959    .bss                pstorage.o
    0x200028f0   0x00000010   Zero   RW         2251    .bss                nrf_drv_i2s.o
    0x20002900   0x00000010   Zero   RW         2379    .bss                nrf_drv_pwm.o
    0x20002910   0x0000000c   Zero   RW         2689    .bss                nrf_drv_timer.o
    0x2000291c   0x00000058   Zero   RW         3329    .bss                fstorage.o
    0x20002974   0x0000000c   Zero   RW         4126    .bss                softdevice_handler.o
    0x20002980   0x0000090c   Zero   RW         4322    .bss                drv_speaker.o
    0x2000328c   0x00000004   PAD
    0x20003290   0x00002000   Zero   RW         4405    HEAP                arm_startup_nrf52.o
    0x20005290   0x00002000   Zero   RW         4404    STACK               arm_startup_nrf52.o


==============================================================================

Image component sizes


      Code (inc. data)   RO Data    RW Data    ZI Data      Debug   Object Name

        28          0          0          0          0       2281   app_error.o
        68          8          0          0          0      27513   app_error_weak.o
       170          0          0          0          0       5522   app_fifo.o
      2450        278          0         34          0      61631   app_timer.o
       518         68         32          6         32      12826   app_uart_fifo.o
        36          8        512          0      16384        924   arm_startup_nrf52.o
      2136          0          0          0          0      24444   ble_advdata.o
      1388        128          0         32        259      14784   ble_advertising.o
       718        122          4         21         60      19332   ble_conn_params.o
       940          4         16          0          0       8654   ble_nus.o
      1860        116         60         25        108       8682   bsp.o
       316         10          0          8          0      37326   bsp_btn_ble.o
       996         94      21252         16       2316      15543   drv_speaker.o
         0          0          0          0          0      18328   flashing_random.o
        24          6          0          0         88       3404   fstorage.o
       620         34         20          8          0       4662   i2s_ws2812b_drive.o
      1722        144      21608         19       1100     115953   main.o
       144          0          0          0          0       1907   nrf_delay.o
         0          0          0          0          0       1880   nrf_drv_clock.o
        96         12          0          0          0      29087   nrf_drv_common.o
       566         38          0          0         88      16340   nrf_drv_gpiote.o
      1276         76         20          0         16      23244   nrf_drv_i2s.o
      1002         42         24          0         16      26493   nrf_drv_pwm.o
       146         10          0          0         12      11240   nrf_drv_timer.o
      2532        184         32          0         32      71160   nrf_drv_uart.o
        44          8          0         40        216       9549   pstorage.o
        16          0          0          8          0       2870   retarget.o
       664         80          0         24         12      41920   softdevice_handler.o
      1320        134          0          4          0      34766   system_nrf52.o

    ----------------------------------------------------------------------
     21838       1604      43612        256      20744     652265   Object Totals
         0          0         32          0          0          0   (incl. Generated)
        42          0          0         11          5          0   (incl. Padding)

    ----------------------------------------------------------------------

      Code (inc. data)   RO Data    RW Data    ZI Data      Debug   Library Member Name

         0          0       2052          0          0       4636   arm_common_tables.o
       132         14          0          0          0      17062   arm_sin_f32.o
         0          0          0          0          0          0   entry.o
         0          0          0          0          0          0   entry10a.o
         0          0          0          0          0          0   entry11a.o
         8          4          0          0          0          0   entry2.o
         4          0          0          0          0          0   entry5.o
         0          0          0          0          0          0   entry7b.o
         0          0          0          0          0          0   entry8b.o
         8          4          0          0          0          0   entry9a.o
        30          0          0          0          0          0   handlers.o
        36          8          0          0          0         68   init.o
         0          0          0          0          0          0   iusefp.o
        30          0          0          0          0         68   llshl.o
        36          0          0          0          0         68   llsshr.o
        32          0          0          0          0         68   llushr.o
       188         20          0          0          0        160   malloc.o
        36          0          0          0          0         68   memcpya.o
        36          0          0          0          0        108   memseta.o
         0          0          0          8          0          0   mvars.o
      2226         90          0          0          0        444   printfa.o
        44          0          0          0          0         80   uidiv.o
        98          0          0          0          0         92   uldiv.o
        48          0          0          0          0         68   cdrcmple.o
       334          0          0          0          0        148   dadd.o
       222          0          0          0          0        100   ddiv.o
       186          0          0          0          0        176   depilogue.o
        48          0          0          0          0         68   dfixul.o
       228          0          0          0          0         96   dmul.o

    ----------------------------------------------------------------------
      4014        140       2052          8          0      23578   Library Totals
         4          0          0          0          0          0   (incl. Padding)

    ----------------------------------------------------------------------

      Code (inc. data)   RO Data    RW Data    ZI Data      Debug   Library Name

       132         14       2052          0          0      21698   arm_cortexM4lf_math.lib
      2812        126          0          8          0       1224   mc_w.l
      1066          0          0          0          0        656   mf_w.l

    ----------------------------------------------------------------------
      4014        140       2052          8          0      23578   Library Totals

    ----------------------------------------------------------------------

==============================================================================


      Code (inc. data)   RO Data    RW Data    ZI Data      Debug   

     25852       1744      45664        264      20744     651659   Grand Totals
     25852       1744      45664        264      20744     651659   ELF Image Totals
     25852       1744      45664        264          0          0   ROM Totals

==============================================================================

    Total RO  Size (Code + RO Data)                71516 (  69.84kB)
    Total RW  Size (RW Data + ZI Data)             21008 (  20.52kB)
    Total ROM Size (Code + RO Data + RW Data)      71780 (  70.10kB)

==============================================================================

